Archive member included to satisfy reference by file (symbol)

C:\Dev\PCB_Test\EMB_fremework\LibFiles\libShift_CAN_Lib.a(shift_can_testing.o)
                              src/main.o (test_add_single_filters)
C:\Dev\PCB_Test\EMB_fremework\LibFiles\libShift_CAN_Lib.a(shift_can.o)
                              src/main.o (serialize_data)
C:\Dev\PCB_Test\EMB_fremework\LibFiles\libShift_LED_Lib.a(shift_led.o)
                              src/main.o (blink_led)
c:/program files (x86)/atmel/studio/7.0/toolchain/arm/arm-gnu-toolchain/bin/../lib/gcc/arm-none-eabi/6.3.1/../../../../arm-none-eabi/lib/thumb/v7e-m\libc.a(lib_a-exit.o)
                              c:/program files (x86)/atmel/studio/7.0/toolchain/arm/arm-gnu-toolchain/bin/../lib/gcc/arm-none-eabi/6.3.1/../../../../arm-none-eabi/lib/thumb/v7e-m/crt0.o (exit)
c:/program files (x86)/atmel/studio/7.0/toolchain/arm/arm-gnu-toolchain/bin/../lib/gcc/arm-none-eabi/6.3.1/../../../../arm-none-eabi/lib/thumb/v7e-m\libc.a(lib_a-impure.o)
                              c:/program files (x86)/atmel/studio/7.0/toolchain/arm/arm-gnu-toolchain/bin/../lib/gcc/arm-none-eabi/6.3.1/../../../../arm-none-eabi/lib/thumb/v7e-m\libc.a(lib_a-exit.o) (_global_impure_ptr)
c:/program files (x86)/atmel/studio/7.0/toolchain/arm/arm-gnu-toolchain/bin/../lib/gcc/arm-none-eabi/6.3.1/../../../../arm-none-eabi/lib/thumb/v7e-m\libc.a(lib_a-init.o)
                              c:/program files (x86)/atmel/studio/7.0/toolchain/arm/arm-gnu-toolchain/bin/../lib/gcc/arm-none-eabi/6.3.1/../../../../arm-none-eabi/lib/thumb/v7e-m/crt0.o (__libc_init_array)
c:/program files (x86)/atmel/studio/7.0/toolchain/arm/arm-gnu-toolchain/bin/../lib/gcc/arm-none-eabi/6.3.1/../../../../arm-none-eabi/lib/thumb/v7e-m\libc.a(lib_a-iprintf.o)
                              src/main.o (iprintf)
c:/program files (x86)/atmel/studio/7.0/toolchain/arm/arm-gnu-toolchain/bin/../lib/gcc/arm-none-eabi/6.3.1/../../../../arm-none-eabi/lib/thumb/v7e-m\libc.a(lib_a-iscanf.o)
                              src/main.o (iscanf)
c:/program files (x86)/atmel/studio/7.0/toolchain/arm/arm-gnu-toolchain/bin/../lib/gcc/arm-none-eabi/6.3.1/../../../../arm-none-eabi/lib/thumb/v7e-m\libc.a(lib_a-memcpy.o)
                              src/ASF/sam/drivers/mcan/mcan.o (memcpy)
c:/program files (x86)/atmel/studio/7.0/toolchain/arm/arm-gnu-toolchain/bin/../lib/gcc/arm-none-eabi/6.3.1/../../../../arm-none-eabi/lib/thumb/v7e-m\libc.a(lib_a-memset.o)
                              c:/program files (x86)/atmel/studio/7.0/toolchain/arm/arm-gnu-toolchain/bin/../lib/gcc/arm-none-eabi/6.3.1/../../../../arm-none-eabi/lib/thumb/v7e-m/crt0.o (memset)
c:/program files (x86)/atmel/studio/7.0/toolchain/arm/arm-gnu-toolchain/bin/../lib/gcc/arm-none-eabi/6.3.1/../../../../arm-none-eabi/lib/thumb/v7e-m\libc.a(lib_a-setbuf.o)
                              src/ASF/common/boards/user_board/init.o (setbuf)
c:/program files (x86)/atmel/studio/7.0/toolchain/arm/arm-gnu-toolchain/bin/../lib/gcc/arm-none-eabi/6.3.1/../../../../arm-none-eabi/lib/thumb/v7e-m\libc.a(lib_a-setvbuf.o)
                              c:/program files (x86)/atmel/studio/7.0/toolchain/arm/arm-gnu-toolchain/bin/../lib/gcc/arm-none-eabi/6.3.1/../../../../arm-none-eabi/lib/thumb/v7e-m\libc.a(lib_a-setbuf.o) (setvbuf)
c:/program files (x86)/atmel/studio/7.0/toolchain/arm/arm-gnu-toolchain/bin/../lib/gcc/arm-none-eabi/6.3.1/../../../../arm-none-eabi/lib/thumb/v7e-m\libc.a(lib_a-vfiprintf.o)
                              c:/program files (x86)/atmel/studio/7.0/toolchain/arm/arm-gnu-toolchain/bin/../lib/gcc/arm-none-eabi/6.3.1/../../../../arm-none-eabi/lib/thumb/v7e-m\libc.a(lib_a-iprintf.o) (_vfiprintf_r)
c:/program files (x86)/atmel/studio/7.0/toolchain/arm/arm-gnu-toolchain/bin/../lib/gcc/arm-none-eabi/6.3.1/../../../../arm-none-eabi/lib/thumb/v7e-m\libc.a(lib_a-vfiscanf.o)
                              c:/program files (x86)/atmel/studio/7.0/toolchain/arm/arm-gnu-toolchain/bin/../lib/gcc/arm-none-eabi/6.3.1/../../../../arm-none-eabi/lib/thumb/v7e-m\libc.a(lib_a-iscanf.o) (__svfiscanf_r)
c:/program files (x86)/atmel/studio/7.0/toolchain/arm/arm-gnu-toolchain/bin/../lib/gcc/arm-none-eabi/6.3.1/../../../../arm-none-eabi/lib/thumb/v7e-m\libc.a(lib_a-wsetup.o)
                              c:/program files (x86)/atmel/studio/7.0/toolchain/arm/arm-gnu-toolchain/bin/../lib/gcc/arm-none-eabi/6.3.1/../../../../arm-none-eabi/lib/thumb/v7e-m\libc.a(lib_a-vfiprintf.o) (__swsetup_r)
c:/program files (x86)/atmel/studio/7.0/toolchain/arm/arm-gnu-toolchain/bin/../lib/gcc/arm-none-eabi/6.3.1/../../../../arm-none-eabi/lib/thumb/v7e-m\libc.a(lib_a-__call_atexit.o)
                              c:/program files (x86)/atmel/studio/7.0/toolchain/arm/arm-gnu-toolchain/bin/../lib/gcc/arm-none-eabi/6.3.1/../../../../arm-none-eabi/lib/thumb/v7e-m\libc.a(lib_a-exit.o) (__call_exitprocs)
[...]
Memory Configuration

Name             Origin             Length             Attributes
rom              0x00400000         0x00200000         xr
ram              0x20400000         0x00060000         xrw
*default*        0x00000000         0xffffffff

Linker script and memory map

LOAD c:/program files (x86)/atmel/studio/7.0/toolchain/arm/arm-gnu-toolchain/bin/../lib/gcc/arm-none-eabi/6.3.1/thumb/v7e-m/crti.o
LOAD c:/program files (x86)/atmel/studio/7.0/toolchain/arm/arm-gnu-toolchain/bin/../lib/gcc/arm-none-eabi/6.3.1/thumb/v7e-m/crtbegin.o
LOAD c:/program files (x86)/atmel/studio/7.0/toolchain/arm/arm-gnu-toolchain/bin/../lib/gcc/arm-none-eabi/6.3.1/../../../../arm-none-eabi/lib/thumb/v7e-m/crt0.o
LOAD src/ASF/common/utils/stdio/read.o
LOAD src/ASF/sam/drivers/pio/pio_handler.o
LOAD src/ASF/sam/drivers/usart/usart.o
LOAD src/ASF/common/utils/stdio/write.o
LOAD src/ASF/common/services/serial/usart_serial.o
LOAD src/ASF/common/services/clock/samv71/sysclk.o
LOAD src/ASF/sam/drivers/mcan/mcan.o
LOAD src/ASF/sam/drivers/pio/pio.o
LOAD src/ASF/sam/drivers/pmc/pmc.o
LOAD src/ASF/sam/drivers/tc/tc.o
LOAD src/ASF/sam/drivers/uart/uart.o
LOAD src/ASF/sam/drivers/pmc/sleep.o
LOAD src/ASF/common/boards/user_board/init.o
LOAD src/ASF/common/utils/interrupt/interrupt_sam_nvic.o
LOAD src/ASF/sam/utils/cmsis/samv71/source/templates/gcc/startup_samv71.o
LOAD src/ASF/sam/utils/cmsis/samv71/source/templates/system_samv71.o
LOAD src/ASF/sam/utils/syscalls/gcc/syscalls.o
LOAD src/main.o
START GROUP
LOAD ../src/ASF/thirdparty/CMSIS/Lib/GCC\libarm_cortexM7lfsp_math_softfp.a
LOAD c:/program files (x86)/atmel/studio/7.0/toolchain/arm/arm-gnu-toolchain/bin/../lib/gcc/arm-none-eabi/6.3.1/../../../../arm-none-eabi/lib/thumb/v7e-m\libm.a
LOAD C:\Dev\PCB_Test\EMB_fremework\LibFiles\libShift_CAN_Lib.a
LOAD C:\Dev\PCB_Test\EMB_fremework\LibFiles\libShift_LED_Lib.a
END GROUP
START GROUP
LOAD c:/program files (x86)/atmel/studio/7.0/toolchain/arm/arm-gnu-toolchain/bin/../lib/gcc/arm-none-eabi/6.3.1/thumb/v7e-m\libgcc.a
LOAD c:/program files (x86)/atmel/studio/7.0/toolchain/arm/arm-gnu-toolchain/bin/../lib/gcc/arm-none-eabi/6.3.1/../../../../arm-none-eabi/lib/thumb/v7e-m\libc.a
END GROUP
LOAD c:/program files (x86)/atmel/studio/7.0/toolchain/arm/arm-gnu-toolchain/bin/../lib/gcc/arm-none-eabi/6.3.1/thumb/v7e-m/crtend.o
LOAD c:/program files (x86)/atmel/studio/7.0/toolchain/arm/arm-gnu-toolchain/bin/../lib/gcc/arm-none-eabi/6.3.1/thumb/v7e-m/crtn.o
                0x00002000                STACK_SIZE = DEFINED (STACK_SIZE)?STACK_SIZE:0x2000
                0x2045fffc                __ram_end__ = ((ORIGIN (ram) + LENGTH (ram)) - 0x4)
                0x00000200                HEAP_SIZE = DEFINED (HEAP_SIZE)?HEAP_SIZE:0x200

.text           0x00400000     0x6a74
                0x00400000                . = ALIGN (0x4)
                0x00400000                _sfixed = .
 *(.vectors .vectors.*)
 .vectors       0x00400000      0x168 src/ASF/sam/utils/cmsis/samv71/source/templates/gcc/startup_samv71.o
                0x00400000                exception_table
 *(.text .text.* .gnu.linkonce.t.*)
 .text          0x00400168       0x6c c:/program files (x86)/atmel/studio/7.0/toolchain/arm/arm-gnu-toolchain/bin/../lib/gcc/arm-none-eabi/6.3.1/thumb/v7e-m/crtbegin.o
 .text._read    0x004001d4       0x3c src/ASF/common/utils/stdio/read.o
                0x004001d4                _read
 .text.pio_handler_process
                0x00400210       0x50 src/ASF/sam/drivers/pio/pio_handler.o
                0x00400210                pio_handler_process
 .text.PIOA_Handler
                0x00400260       0x14 src/ASF/sam/drivers/pio/pio_handler.o
                0x00400260                PIOA_Handler
 .text.PIOB_Handler
                0x00400274       0x14 src/ASF/sam/drivers/pio/pio_handler.o
                0x00400274                PIOB_Handler
 .text.PIOD_Handler
                0x00400288       0x14 src/ASF/sam/drivers/pio/pio_handler.o
                0x00400288                PIOD_Handler
 .text.usart_write
                0x0040029c       0x16 src/ASF/sam/drivers/usart/usart.o
                0x0040029c                usart_write
 .text.usart_read
                0x004002b2       0x18 src/ASF/sam/drivers/usart/usart.o
                0x004002b2                usart_read
 *fill*         0x004002ca        0x2 
 .text._write   0x004002cc       0x50 src/ASF/common/utils/stdio/write.o
                0x004002cc                _write
 .text.sysclk_init
                0x0040031c       0x70 src/ASF/common/services/clock/samv71/sysclk.o
                0x0040031c                sysclk_init
 .text._mcan_enable_peripheral_clock
                0x0040038c       0x30 src/ASF/sam/drivers/mcan/mcan.o
 .text.mcan_init
                0x004003bc      0x278 src/ASF/sam/drivers/mcan/mcan.o
                0x004003bc                mcan_init
 .text.mcan_set_baudrate
                0x00400634       0xf4 src/ASF/sam/drivers/mcan/mcan.o
                0x00400634                mcan_set_baudrate
 .text.mcan_fd_set_baudrate
                0x00400728       0xec src/ASF/sam/drivers/mcan/mcan.o
                0x00400728                mcan_fd_set_baudrate
 .text.mcan_start
                0x00400814       0x16 src/ASF/sam/drivers/mcan/mcan.o
                0x00400814                mcan_start
 .text.mcan_stop
                0x0040082a       0x16 src/ASF/sam/drivers/mcan/mcan.o
                0x0040082a                mcan_stop
 .text.mcan_enable_fd_mode
                0x00400840       0x28 src/ASF/sam/drivers/mcan/mcan.o
                0x00400840                mcan_enable_fd_mode
 .text.mcan_set_rx_standard_filter
                0x00400868       0x3c src/ASF/sam/drivers/mcan/mcan.o
                0x00400868                mcan_set_rx_standard_filter
 .text.mcan_get_rx_fifo_0_element
                0x004008a4       0x58 src/ASF/sam/drivers/mcan/mcan.o
                0x004008a4                mcan_get_rx_fifo_0_element
 .text.mcan_set_tx_buffer_element
                0x004008fc       0x80 src/ASF/sam/drivers/mcan/mcan.o
                0x004008fc                mcan_set_tx_buffer_element
 .text.pio_get_interrupt_status
                0x0040097c        0x4 src/ASF/sam/drivers/pio/pio.o
                0x0040097c                pio_get_interrupt_status
 .text.pio_get_interrupt_mask
                0x00400980        0x4 src/ASF/sam/drivers/pio/pio.o
                0x00400980                pio_get_interrupt_mask
 .text.pmc_mck_set_division
                0x00400984       0x38 src/ASF/sam/drivers/pmc/pmc.o
                0x00400984                pmc_mck_set_division
 .text.pmc_switch_mck_to_pllack
                0x004009bc       0x64 src/ASF/sam/drivers/pmc/pmc.o
                0x004009bc                pmc_switch_mck_to_pllack
 .text.pmc_switch_mainck_to_xtal
                0x00400a20       0x54 src/ASF/sam/drivers/pmc/pmc.o
                0x00400a20                pmc_switch_mainck_to_xtal
 .text.pmc_osc_is_ready_mainck
                0x00400a74       0x10 src/ASF/sam/drivers/pmc/pmc.o
                0x00400a74                pmc_osc_is_ready_mainck
 .text.pmc_disable_pllack
                0x00400a84       0x10 src/ASF/sam/drivers/pmc/pmc.o
                0x00400a84                pmc_disable_pllack
 .text.pmc_is_locked_pllack
                0x00400a94       0x10 src/ASF/sam/drivers/pmc/pmc.o
                0x00400a94                pmc_is_locked_pllack
 .text.pmc_enable_upll_clock
                0x00400aa4       0x18 src/ASF/sam/drivers/pmc/pmc.o
                0x00400aa4                pmc_enable_upll_clock
 .text.pmc_enable_periph_clk
                0x00400abc       0x20 src/ASF/sam/drivers/pmc/pmc.o
                0x00400abc                pmc_enable_periph_clk
 .text.pmc_switch_pck_to_pllack
                0x00400adc       0x3c src/ASF/sam/drivers/pmc/pmc.o
                0x00400adc                pmc_switch_pck_to_pllack
 .text.pmc_get_slck_config
                0x00400b18       0x10 src/ASF/sam/drivers/pmc/pmc.o
                0x00400b18                pmc_get_slck_config
 .text.pmc_get_mainck_config
                0x00400b28       0x1c src/ASF/sam/drivers/pmc/pmc.o
                0x00400b28                pmc_get_mainck_config
 .text.pmc_get_pllack_config
                0x00400b44       0x14 src/ASF/sam/drivers/pmc/pmc.o
                0x00400b44                pmc_get_pllack_config
 .text.pmc_get_upllckdiv_config
                0x00400b58       0x10 src/ASF/sam/drivers/pmc/pmc.o
                0x00400b58                pmc_get_upllckdiv_config
 .text.pmc_switch_pck_to_upllck
                0x00400b68       0x3c src/ASF/sam/drivers/pmc/pmc.o
                0x00400b68                pmc_switch_pck_to_upllck
 .text.pmc_enable_pck
                0x00400ba4       0x14 src/ASF/sam/drivers/pmc/pmc.o
                0x00400ba4                pmc_enable_pck
 .text.pmc_disable_pck
                0x00400bb8       0x14 src/ASF/sam/drivers/pmc/pmc.o
                0x00400bb8                pmc_disable_pck
 .text.tc_init  0x00400bcc       0x1a src/ASF/sam/drivers/tc/tc.o
                0x00400bcc                tc_init
 .text.tc_start
                0x00400be6        0x8 src/ASF/sam/drivers/tc/tc.o
                0x00400be6                tc_start
 .text.tc_write_rc
                0x00400bee        0x8 src/ASF/sam/drivers/tc/tc.o
                0x00400bee                tc_write_rc
 .text.tc_enable_interrupt
                0x00400bf6        0x8 src/ASF/sam/drivers/tc/tc.o
                0x00400bf6                tc_enable_interrupt
 .text.tc_get_status
                0x00400bfe        0x8 src/ASF/sam/drivers/tc/tc.o
                0x00400bfe                tc_get_status
 .text.tc_find_mck_divisor
                0x00400c06       0x70 src/ASF/sam/drivers/tc/tc.o
                0x00400c06                tc_find_mck_divisor
 .text.uart_init
                0x00400c76       0x30 src/ASF/sam/drivers/uart/uart.o
                0x00400c76                uart_init
 .text.uart_write
                0x00400ca6       0x12 src/ASF/sam/drivers/uart/uart.o
                0x00400ca6                uart_write
 .text.uart_read
                0x00400cb8       0x14 src/ASF/sam/drivers/uart/uart.o
                0x00400cb8                uart_read
 .text.usart_serial_getchar
                0x00400ccc       0xdc src/ASF/common/boards/user_board/init.o
 .text.usart_serial_putchar
                0x00400da8       0xd4 src/ASF/common/boards/user_board/init.o
 .text.board_init
                0x00400e7c      0x160 src/ASF/common/boards/user_board/init.o
                0x00400e7c                board_init
 .text.Dummy_Handler
                0x00400fdc        0x2 src/ASF/sam/utils/cmsis/samv71/source/templates/gcc/startup_samv71.o
                0x00400fdc                DACC_Handler
                0x00400fdc                DebugMon_Handler
                0x00400fdc                UART3_Handler
                0x00400fdc                UART2_Handler
                0x00400fdc                TRNG_Handler
                0x00400fdc                HardFault_Handler
                0x00400fdc                TC2_Handler
                0x00400fdc                SysTick_Handler
                0x00400fdc                AFEC1_Handler
                0x00400fdc                PendSV_Handler
                0x00400fdc                NMI_Handler
                0x00400fdc                QSPI_Handler
                0x00400fdc                ISI_Handler
                0x00400fdc                TC9_Handler
                0x00400fdc                RSWDT_Handler
                0x00400fdc                USART0_Handler
                0x00400fdc                RTT_Handler
                0x00400fdc                USBHS_Handler
                0x00400fdc                IXC_Handler
                0x00400fdc                CCF_Handler
                0x00400fdc                RTC_Handler
                0x00400fdc                UsageFault_Handler
                0x00400fdc                WDT_Handler
                0x00400fdc                MCAN1_INT1_Handler
                0x00400fdc                TC1_Handler
                0x00400fdc                HSMCI_Handler
                0x00400fdc                UART1_Handler
                0x00400fdc                Dummy_Handler
                0x00400fdc                TWIHS1_Handler
                0x00400fdc                XDMAC_Handler
                0x00400fdc                UART4_Handler
                0x00400fdc                PWM1_Handler
                0x00400fdc                USART1_Handler
                0x00400fdc                PWM0_Handler
                0x00400fdc                AFEC0_Handler
                0x00400fdc                CCW_Handler
                0x00400fdc                SSC_Handler
                0x00400fdc                TC11_Handler
                0x00400fdc                ACC_Handler
                0x00400fdc                PMC_Handler
                0x00400fdc                GMAC_Handler
                0x00400fdc                MCAN0_INT1_Handler
                0x00400fdc                GMAC_Q5_Handler
                0x00400fdc                MemManage_Handler
                0x00400fdc                SUPC_Handler
                0x00400fdc                SVC_Handler
                0x00400fdc                EFC_Handler
                0x00400fdc                GMAC_Q1_Handler
                0x00400fdc                USART2_Handler
                0x00400fdc                GMAC_Q2_Handler
                0x00400fdc                TC10_Handler
                0x00400fdc                GMAC_Q3_Handler
                0x00400fdc                TWIHS2_Handler
                0x00400fdc                MLB_Handler
                0x00400fdc                I2SC0_Handler
                0x00400fdc                UART0_Handler
                0x00400fdc                GMAC_Q4_Handler
                0x00400fdc                FPU_Handler
                0x00400fdc                BusFault_Handler
                0x00400fdc                RSTC_Handler
                0x00400fdc                ICM_Handler
                0x00400fdc                AES_Handler
                0x00400fdc                TWIHS0_Handler
                0x00400fdc                SPI0_Handler
 *fill*         0x00400fde        0x2 
 .text.Reset_Handler
                0x00400fe0       0xc8 src/ASF/sam/utils/cmsis/samv71/source/templates/gcc/startup_samv71.o
                0x00400fe0                Reset_Handler
 .text.SystemCoreClockUpdate
                0x004010a8      0x10c src/ASF/sam/utils/cmsis/samv71/source/templates/system_samv71.o
                0x004010a8                SystemCoreClockUpdate
 .text.system_init_flash
                0x004011b4       0x8c src/ASF/sam/utils/cmsis/samv71/source/templates/system_samv71.o
                0x004011b4                system_init_flash
 .text._sbrk    0x00401240       0x38 src/ASF/sam/utils/syscalls/gcc/syscalls.o
                0x00401240                _sbrk
 .text._close   0x00401278        0x6 src/ASF/sam/utils/syscalls/gcc/syscalls.o
                0x00401278                _close
 .text._fstat   0x0040127e        0xa src/ASF/sam/utils/syscalls/gcc/syscalls.o
                0x0040127e                _fstat
 .text._isatty  0x00401288        0x4 src/ASF/sam/utils/syscalls/gcc/syscalls.o
                0x00401288                _isatty
 .text._lseek   0x0040128c        0x4 src/ASF/sam/utils/syscalls/gcc/syscalls.o
                0x0040128c                _lseek
 .text.main     0x00401290      0x278 src/main.o
                0x00401290                main
 .text.message_received
                0x00401508       0x20 src/main.o
                0x00401508                message_received
 .text.test_add_single_filters
                0x00401528       0x24 C:\Dev\PCB_Test\EMB_fremework\LibFiles\libShift_CAN_Lib.a(shift_can_testing.o)
                0x00401528                test_add_single_filters
 .text.test_add_range_filters
                0x0040154c       0x2c C:\Dev\PCB_Test\EMB_fremework\LibFiles\libShift_CAN_Lib.a(shift_can_testing.o)
                0x0040154c                test_add_range_filters
 .text.test_send_too_big_message
                0x00401578       0x4c C:\Dev\PCB_Test\EMB_fremework\LibFiles\libShift_CAN_Lib.a(shift_can_testing.o)
                0x00401578                test_send_too_big_message
 .text.test_send_message_no_id
                0x004015c4       0x38 C:\Dev\PCB_Test\EMB_fremework\LibFiles\libShift_CAN_Lib.a(shift_can_testing.o)
                0x004015c4                test_send_message_no_id
 .text.test_send_message_no_data
                0x004015fc       0x1c C:\Dev\PCB_Test\EMB_fremework\LibFiles\libShift_CAN_Lib.a(shift_can_testing.o)
                0x004015fc                test_send_message_no_data
 .text.test_send_message_simple
                0x00401618       0x40 C:\Dev\PCB_Test\EMB_fremework\LibFiles\libShift_CAN_Lib.a(shift_can_testing.o)
                0x00401618                test_send_message_simple
 .text.test_message_received
                0x00401658       0x34 C:\Dev\PCB_Test\EMB_fremework\LibFiles\libShift_CAN_Lib.a(shift_can_testing.o)
                0x00401658                test_message_received
 .text.data_size_to_dlc
                0x0040168c       0x3e C:\Dev\PCB_Test\EMB_fremework\LibFiles\libShift_CAN_Lib.a(shift_can.o)
                0x0040168c                data_size_to_dlc
 .text.dlc_to_data_size
                0x004016ca       0x30 C:\Dev\PCB_Test\EMB_fremework\LibFiles\libShift_CAN_Lib.a(shift_can.o)
                0x004016ca                dlc_to_data_size
 *fill*         0x004016fa        0x2 
 .text.configure_upll
                0x004016fc       0x3c C:\Dev\PCB_Test\EMB_fremework\LibFiles\libShift_CAN_Lib.a(shift_can.o)
                0x004016fc                configure_upll
 .text.serialize_data
                0x00401738       0x14 C:\Dev\PCB_Test\EMB_fremework\LibFiles\libShift_CAN_Lib.a(shift_can.o)
                0x00401738                serialize_data
 .text.init_can_module
                0x0040174c      0x128 C:\Dev\PCB_Test\EMB_fremework\LibFiles\libShift_CAN_Lib.a(shift_can.o)
                0x0040174c                init_can_module
 .text.send_message_module_0
                0x00401874       0xcc C:\Dev\PCB_Test\EMB_fremework\LibFiles\libShift_CAN_Lib.a(shift_can.o)
                0x00401874                send_message_module_0
 .text.send_message_module_1
                0x00401940       0xcc C:\Dev\PCB_Test\EMB_fremework\LibFiles\libShift_CAN_Lib.a(shift_can.o)
                0x00401940                send_message_module_1
 .text.add_single_filter_module_0
                0x00401a0c       0x74 C:\Dev\PCB_Test\EMB_fremework\LibFiles\libShift_CAN_Lib.a(shift_can.o)
                0x00401a0c                add_single_filter_module_0
 .text.add_single_filter_module_1
                0x00401a80       0x58 C:\Dev\PCB_Test\EMB_fremework\LibFiles\libShift_CAN_Lib.a(shift_can.o)
                0x00401a80                add_single_filter_module_1
 .text.add_range_filter_module_0
                0x00401ad8       0x64 C:\Dev\PCB_Test\EMB_fremework\LibFiles\libShift_CAN_Lib.a(shift_can.o)
                0x00401ad8                add_range_filter_module_0
 .text.add_range_filter_module_1
                0x00401b3c       0x64 C:\Dev\PCB_Test\EMB_fremework\LibFiles\libShift_CAN_Lib.a(shift_can.o)
                0x00401b3c                add_range_filter_module_1
 .text.MCAN0_INT0_Handler
                0x00401ba0       0xec C:\Dev\PCB_Test\EMB_fremework\LibFiles\libShift_CAN_Lib.a(shift_can.o)
                0x00401ba0                MCAN0_INT0_Handler
 .text.MCAN1_INT0_Handler
                0x00401c8c       0xec C:\Dev\PCB_Test\EMB_fremework\LibFiles\libShift_CAN_Lib.a(shift_can.o)
                0x00401c8c                MCAN1_INT0_Handler
 .text.toggle_led
                0x00401d78       0x24 C:\Dev\PCB_Test\EMB_fremework\LibFiles\libShift_LED_Lib.a(shift_led.o)
                0x00401d78                toggle_led
 .text.blink_led
                0x00401d9c       0xbc C:\Dev\PCB_Test\EMB_fremework\LibFiles\libShift_LED_Lib.a(shift_led.o)
                0x00401d9c                blink_led
 .text.TC0_Handler
                0x00401e58       0x38 C:\Dev\PCB_Test\EMB_fremework\LibFiles\libShift_LED_Lib.a(shift_led.o)
                0x00401e58                TC0_Handler
 .text.__libc_init_array
                0x00401e90       0x50 c:/program files (x86)/atmel/studio/7.0/toolchain/arm/arm-gnu-toolchain/bin/../lib/gcc/arm-none-eabi/6.3.1/../../../../arm-none-eabi/lib/thumb/v7e-m\libc.a(lib_a-init.o)
                0x00401e90                __libc_init_array
 .text.iprintf  0x00401ee0       0x28 c:/program files (x86)/atmel/studio/7.0/toolchain/arm/arm-gnu-toolchain/bin/../lib/gcc/arm-none-eabi/6.3.1/../../../../arm-none-eabi/lib/thumb/v7e-m\libc.a(lib_a-iprintf.o)
                0x00401ee0                iprintf
 .text.iscanf   0x00401f08       0x28 c:/program files (x86)/atmel/studio/7.0/toolchain/arm/arm-gnu-toolchain/bin/../lib/gcc/arm-none-eabi/6.3.1/../../../../arm-none-eabi/lib/thumb/v7e-m\libc.a(lib_a-iscanf.o)
                0x00401f08                iscanf
 .text          0x00401f30      0x134 c:/program files (x86)/atmel/studio/7.0/toolchain/arm/arm-gnu-toolchain/bin/../lib/gcc/arm-none-eabi/6.3.1/../../../../arm-none-eabi/lib/thumb/v7e-m\libc.a(lib_a-memcpy.o)
                0x00401f30                memcpy
 .text.memset   0x00402064       0x9c c:/program files (x86)/atmel/studio/7.0/toolchain/arm/arm-gnu-toolchain/bin/../lib/gcc/arm-none-eabi/6.3.1/../../../../arm-none-eabi/lib/thumb/v7e-m\libc.a(lib_a-memset.o)
                0x00402064                memset
 .text.setbuf   0x00402100       0x10 c:/program files (x86)/atmel/studio/7.0/toolchain/arm/arm-gnu-toolchain/bin/../lib/gcc/arm-none-eabi/6.3.1/../../../../arm-none-eabi/lib/thumb/v7e-m\libc.a(lib_a-setbuf.o)
                0x00402100                setbuf
 .text.setvbuf  0x00402110      0x190 c:/program files (x86)/atmel/studio/7.0/toolchain/arm/arm-gnu-toolchain/bin/../lib/gcc/arm-none-eabi/6.3.1/../../../../arm-none-eabi/lib/thumb/v7e-m\libc.a(lib_a-setvbuf.o)
                0x00402110                setvbuf
 .text.__sprint_r.part.0
                0x004022a0       0x80 c:/program files (x86)/atmel/studio/7.0/toolchain/arm/arm-gnu-toolchain/bin/../lib/gcc/arm-none-eabi/6.3.1/../../../../arm-none-eabi/lib/thumb/v7e-m\libc.a(lib_a-vfiprintf.o)
 .text._vfiprintf_r
                0x00402320      0xc90 c:/program files (x86)/atmel/studio/7.0/toolchain/arm/arm-gnu-toolchain/bin/../lib/gcc/arm-none-eabi/6.3.1/../../../../arm-none-eabi/lib/thumb/v7e-m\libc.a(lib_a-vfiprintf.o)
                0x00402320                _vfiprintf_r
 .text.__sbprintf
                0x00402fb0       0x84 c:/program files (x86)/atmel/studio/7.0/toolchain/arm/arm-gnu-toolchain/bin/../lib/gcc/arm-none-eabi/6.3.1/../../../../arm-none-eabi/lib/thumb/v7e-m\libc.a(lib_a-vfiprintf.o)
 .text.__svfiscanf_r
                0x00403034      0xa14 c:/program files (x86)/atmel/studio/7.0/toolchain/arm/arm-gnu-toolchain/bin/../lib/gcc/arm-none-eabi/6.3.1/../../../../arm-none-eabi/lib/thumb/v7e-m\libc.a(lib_a-vfiscanf.o)
                0x00403034                __svfiscanf_r
 .text.__swsetup_r
                0x00403a48       0xc8 c:/program files (x86)/atmel/studio/7.0/toolchain/arm/arm-gnu-toolchain/bin/../lib/gcc/arm-none-eabi/6.3.1/../../../../arm-none-eabi/lib/thumb/v7e-m\libc.a(lib_a-wsetup.o)
                0x00403a48                __swsetup_r
 .text.startup.register_fini
                0x00403b10       0x14 c:/program files (x86)/atmel/studio/7.0/toolchain/arm/arm-gnu-toolchain/bin/../lib/gcc/arm-none-eabi/6.3.1/../../../../arm-none-eabi/lib/thumb/v7e-m\libc.a(lib_a-__call_atexit.o)
 .text.atexit   0x00403b24        0xc c:/program files (x86)/atmel/studio/7.0/toolchain/arm/arm-gnu-toolchain/bin/../lib/gcc/arm-none-eabi/6.3.1/../../../../arm-none-eabi/lib/thumb/v7e-m\libc.a(lib_a-atexit.o)
                0x00403b24                atexit
 .text.__sflush_r
                0x00403b30      0x140 c:/program files (x86)/atmel/studio/7.0/toolchain/arm/arm-gnu-toolchain/bin/../lib/gcc/arm-none-eabi/6.3.1/../../../../arm-none-eabi/lib/thumb/v7e-m\libc.a(lib_a-fflush.o)
                0x00403b30                __sflush_r
 .text._fflush_r
                0x00403c70       0x54 c:/program files (x86)/atmel/studio/7.0/toolchain/arm/arm-gnu-toolchain/bin/../lib/gcc/arm-none-eabi/6.3.1/../../../../arm-none-eabi/lib/thumb/v7e-m\libc.a(lib_a-fflush.o)
                0x00403c70                _fflush_r
 .text.fflush   0x00403cc4       0x24 c:/program files (x86)/atmel/studio/7.0/toolchain/arm/arm-gnu-toolchain/bin/../lib/gcc/arm-none-eabi/6.3.1/../../../../arm-none-eabi/lib/thumb/v7e-m\libc.a(lib_a-fflush.o)
                0x00403cc4                fflush
 .text._cleanup_r
                0x00403ce8        0xc c:/program files (x86)/atmel/studio/7.0/toolchain/arm/arm-gnu-toolchain/bin/../lib/gcc/arm-none-eabi/6.3.1/../../../../arm-none-eabi/lib/thumb/v7e-m\libc.a(lib_a-findfp.o)
                0x00403ce8                _cleanup_r
 .text.std.isra.0
                0x00403cf4       0x50 c:/program files (x86)/atmel/studio/7.0/toolchain/arm/arm-gnu-toolchain/bin/../lib/gcc/arm-none-eabi/6.3.1/../../../../arm-none-eabi/lib/thumb/v7e-m\libc.a(lib_a-findfp.o)
 .text.__sinit  0x00403d44       0x58 c:/program files (x86)/atmel/studio/7.0/toolchain/arm/arm-gnu-toolchain/bin/../lib/gcc/arm-none-eabi/6.3.1/../../../../arm-none-eabi/lib/thumb/v7e-m\libc.a(lib_a-findfp.o)
                0x00403d44                __sinit
 .text.__sfp_lock_acquire
                0x00403d9c        0xc c:/program files (x86)/atmel/studio/7.0/toolchain/arm/arm-gnu-toolchain/bin/../lib/gcc/arm-none-eabi/6.3.1/../../../../arm-none-eabi/lib/thumb/v7e-m\libc.a(lib_a-findfp.o)
                0x00403d9c                __sfp_lock_acquire
 .text.__sfp_lock_release
                0x00403da8        0xc c:/program files (x86)/atmel/studio/7.0/toolchain/arm/arm-gnu-toolchain/bin/../lib/gcc/arm-none-eabi/6.3.1/../../../../arm-none-eabi/lib/thumb/v7e-m\libc.a(lib_a-findfp.o)
                0x00403da8                __sfp_lock_release
 .text.__libc_fini_array
                0x00403db4       0x34 c:/program files (x86)/atmel/studio/7.0/toolchain/arm/arm-gnu-toolchain/bin/../lib/gcc/arm-none-eabi/6.3.1/../../../../arm-none-eabi/lib/thumb/v7e-m\libc.a(lib_a-fini.o)
                0x00403db4                __libc_fini_array
 .text.__fputwc
                0x00403de8       0xa0 c:/program files (x86)/atmel/studio/7.0/toolchain/arm/arm-gnu-toolchain/bin/../lib/gcc/arm-none-eabi/6.3.1/../../../../arm-none-eabi/lib/thumb/v7e-m\libc.a(lib_a-fputwc.o)
                0x00403de8                __fputwc
 .text._fputwc_r
                0x00403e88       0x68 c:/program files (x86)/atmel/studio/7.0/toolchain/arm/arm-gnu-toolchain/bin/../lib/gcc/arm-none-eabi/6.3.1/../../../../arm-none-eabi/lib/thumb/v7e-m\libc.a(lib_a-fputwc.o)
                0x00403e88                _fputwc_r
 .text._fread_r
                0x00403ef0      0x1c4 c:/program files (x86)/atmel/studio/7.0/toolchain/arm/arm-gnu-toolchain/bin/../lib/gcc/arm-none-eabi/6.3.1/../../../../arm-none-eabi/lib/thumb/v7e-m\libc.a(lib_a-fread.o)
                0x00403ef0                _fread_r
 .text._malloc_trim_r
                0x004040b4       0xa0 c:/program files (x86)/atmel/studio/7.0/toolchain/arm/arm-gnu-toolchain/bin/../lib/gcc/arm-none-eabi/6.3.1/../../../../arm-none-eabi/lib/thumb/v7e-m\libc.a(lib_a-freer.o)
                0x004040b4                _malloc_trim_r
 .text._free_r  0x00404154      0x1cc c:/program files (x86)/atmel/studio/7.0/toolchain/arm/arm-gnu-toolchain/bin/../lib/gcc/arm-none-eabi/6.3.1/../../../../arm-none-eabi/lib/thumb/v7e-m\libc.a(lib_a-freer.o)
                0x00404154                _free_r
 .text.__sfvwrite_r
                0x00404320      0x2f0 c:/program files (x86)/atmel/studio/7.0/toolchain/arm/arm-gnu-toolchain/bin/../lib/gcc/arm-none-eabi/6.3.1/../../../../arm-none-eabi/lib/thumb/v7e-m\libc.a(lib_a-fvwrite.o)
                0x00404320                __sfvwrite_r
 .text._fwalk   0x00404610       0x4c c:/program files (x86)/atmel/studio/7.0/toolchain/arm/arm-gnu-toolchain/bin/../lib/gcc/arm-none-eabi/6.3.1/../../../../arm-none-eabi/lib/thumb/v7e-m\libc.a(lib_a-fwalk.o)
                0x00404610                _fwalk
 .text._fwalk_reent
                0x0040465c       0x54 c:/program files (x86)/atmel/studio/7.0/toolchain/arm/arm-gnu-toolchain/bin/../lib/gcc/arm-none-eabi/6.3.1/../../../../arm-none-eabi/lib/thumb/v7e-m\libc.a(lib_a-fwalk.o)
                0x0040465c                _fwalk_reent
 .text.iswspace
                0x004046b0       0x1c c:/program files (x86)/atmel/studio/7.0/toolchain/arm/arm-gnu-toolchain/bin/../lib/gcc/arm-none-eabi/6.3.1/../../../../arm-none-eabi/lib/thumb/v7e-m\libc.a(lib_a-iswspace.o)
                0x004046b0                iswspace
 .text.__locale_mb_cur_max
                0x004046cc       0x1c c:/program files (x86)/atmel/studio/7.0/toolchain/arm/arm-gnu-toolchain/bin/../lib/gcc/arm-none-eabi/6.3.1/../../../../arm-none-eabi/lib/thumb/v7e-m\libc.a(lib_a-locale.o)
                0x004046cc                __locale_mb_cur_max
 .text.__locale_ctype_ptr_l
                0x004046e8        0x8 c:/program files (x86)/atmel/studio/7.0/toolchain/arm/arm-gnu-toolchain/bin/../lib/gcc/arm-none-eabi/6.3.1/../../../../arm-none-eabi/lib/thumb/v7e-m\libc.a(lib_a-locale.o)
                0x004046e8                __locale_ctype_ptr_l
 .text.__locale_ctype_ptr
                0x004046f0       0x1c c:/program files (x86)/atmel/studio/7.0/toolchain/arm/arm-gnu-toolchain/bin/../lib/gcc/arm-none-eabi/6.3.1/../../../../arm-none-eabi/lib/thumb/v7e-m\libc.a(lib_a-locale.o)
                0x004046f0                __locale_ctype_ptr
 .text.__retarget_lock_init_recursive
                0x0040470c        0x4 c:/program files (x86)/atmel/studio/7.0/toolchain/arm/arm-gnu-toolchain/bin/../lib/gcc/arm-none-eabi/6.3.1/../../../../arm-none-eabi/lib/thumb/v7e-m\libc.a(lib_a-lock.o)
                0x0040470c                __retarget_lock_init_recursive
 .text.__retarget_lock_close_recursive
                0x00404710        0x4 c:/program files (x86)/atmel/studio/7.0/toolchain/arm/arm-gnu-toolchain/bin/../lib/gcc/arm-none-eabi/6.3.1/../../../../arm-none-eabi/lib/thumb/v7e-m\libc.a(lib_a-lock.o)
                0x00404710                __retarget_lock_close_recursive
 .text.__retarget_lock_acquire_recursive
                0x00404714        0x4 c:/program files (x86)/atmel/studio/7.0/toolchain/arm/arm-gnu-toolchain/bin/../lib/gcc/arm-none-eabi/6.3.1/../../../../arm-none-eabi/lib/thumb/v7e-m\libc.a(lib_a-lock.o)
                0x00404714                __retarget_lock_acquire_recursive
 .text.__retarget_lock_release_recursive
                0x00404718        0x4 c:/program files (x86)/atmel/studio/7.0/toolchain/arm/arm-gnu-toolchain/bin/../lib/gcc/arm-none-eabi/6.3.1/../../../../arm-none-eabi/lib/thumb/v7e-m\libc.a(lib_a-lock.o)
                0x00404718                __retarget_lock_release_recursive
 .text.__swhatbuf_r
                0x0040471c       0x5c c:/program files (x86)/atmel/studio/7.0/toolchain/arm/arm-gnu-toolchain/bin/../lib/gcc/arm-none-eabi/6.3.1/../../../../arm-none-eabi/lib/thumb/v7e-m\libc.a(lib_a-makebuf.o)
                0x0040471c                __swhatbuf_r
 .text.__smakebuf_r
                0x00404778       0x94 c:/program files (x86)/atmel/studio/7.0/toolchain/arm/arm-gnu-toolchain/bin/../lib/gcc/arm-none-eabi/6.3.1/../../../../arm-none-eabi/lib/thumb/v7e-m\libc.a(lib_a-makebuf.o)
                0x00404778                __smakebuf_r
 .text.malloc   0x0040480c       0x10 c:/program files (x86)/atmel/studio/7.0/toolchain/arm/arm-gnu-toolchain/bin/../lib/gcc/arm-none-eabi/6.3.1/../../../../arm-none-eabi/lib/thumb/v7e-m\libc.a(lib_a-malloc.o)
                0x0040480c                malloc
 .text._malloc_r
                0x0040481c      0x560 c:/program files (x86)/atmel/studio/7.0/toolchain/arm/arm-gnu-toolchain/bin/../lib/gcc/arm-none-eabi/6.3.1/../../../../arm-none-eabi/lib/thumb/v7e-m\libc.a(lib_a-mallocr.o)
                0x0040481c                _malloc_r
 .text._mbrtowc_r
                0x00404d7c       0x5c c:/program files (x86)/atmel/studio/7.0/toolchain/arm/arm-gnu-toolchain/bin/../lib/gcc/arm-none-eabi/6.3.1/../../../../arm-none-eabi/lib/thumb/v7e-m\libc.a(lib_a-mbrtowc.o)
                0x00404d7c                _mbrtowc_r
 .text.__ascii_mbtowc
                0x00404dd8       0x2c c:/program files (x86)/atmel/studio/7.0/toolchain/arm/arm-gnu-toolchain/bin/../lib/gcc/arm-none-eabi/6.3.1/../../../../arm-none-eabi/lib/thumb/v7e-m\libc.a(lib_a-mbtowc_r.o)
                0x00404dd8                __ascii_mbtowc
 *fill*         0x00404e04        0xc 
 .text          0x00404e10       0xa0 c:/program files (x86)/atmel/studio/7.0/toolchain/arm/arm-gnu-toolchain/bin/../lib/gcc/arm-none-eabi/6.3.1/../../../../arm-none-eabi/lib/thumb/v7e-m\libc.a(lib_a-memchr.o)
                0x00404e10                memchr
 .text.memmove  0x00404eb0       0xc8 c:/program files (x86)/atmel/studio/7.0/toolchain/arm/arm-gnu-toolchain/bin/../lib/gcc/arm-none-eabi/6.3.1/../../../../arm-none-eabi/lib/thumb/v7e-m\libc.a(lib_a-memmove.o)
                0x00404eb0                memmove
 .text.__malloc_lock
                0x00404f78        0xc c:/program files (x86)/atmel/studio/7.0/toolchain/arm/arm-gnu-toolchain/bin/../lib/gcc/arm-none-eabi/6.3.1/../../../../arm-none-eabi/lib/thumb/v7e-m\libc.a(lib_a-mlock.o)
                0x00404f78                __malloc_lock
 .text.__malloc_unlock
                0x00404f84        0xc c:/program files (x86)/atmel/studio/7.0/toolchain/arm/arm-gnu-toolchain/bin/../lib/gcc/arm-none-eabi/6.3.1/../../../../arm-none-eabi/lib/thumb/v7e-m\libc.a(lib_a-mlock.o)
                0x00404f84                __malloc_unlock
 .text._realloc_r
                0x00404f90      0x34c c:/program files (x86)/atmel/studio/7.0/toolchain/arm/arm-gnu-toolchain/bin/../lib/gcc/arm-none-eabi/6.3.1/../../../../arm-none-eabi/lib/thumb/v7e-m\libc.a(lib_a-reallocr.o)
                0x00404f90                _realloc_r
 .text.lflush   0x004052dc       0x14 c:/program files (x86)/atmel/studio/7.0/toolchain/arm/arm-gnu-toolchain/bin/../lib/gcc/arm-none-eabi/6.3.1/../../../../arm-none-eabi/lib/thumb/v7e-m\libc.a(lib_a-refill.o)
 .text.__srefill_r
                0x004052f0      0x114 c:/program files (x86)/atmel/studio/7.0/toolchain/arm/arm-gnu-toolchain/bin/../lib/gcc/arm-none-eabi/6.3.1/../../../../arm-none-eabi/lib/thumb/v7e-m\libc.a(lib_a-refill.o)
                0x004052f0                __srefill_r
 .text._sbrk_r  0x00405404       0x24 c:/program files (x86)/atmel/studio/7.0/toolchain/arm/arm-gnu-toolchain/bin/../lib/gcc/arm-none-eabi/6.3.1/../../../../arm-none-eabi/lib/thumb/v7e-m\libc.a(lib_a-sbrkr.o)
                0x00405404                _sbrk_r
 .text.__sccl   0x00405428       0x74 c:/program files (x86)/atmel/studio/7.0/toolchain/arm/arm-gnu-toolchain/bin/../lib/gcc/arm-none-eabi/6.3.1/../../../../arm-none-eabi/lib/thumb/v7e-m\libc.a(lib_a-sccl.o)
                0x00405428                __sccl
 .text.__sread  0x0040549c       0x24 c:/program files (x86)/atmel/studio/7.0/toolchain/arm/arm-gnu-toolchain/bin/../lib/gcc/arm-none-eabi/6.3.1/../../../../arm-none-eabi/lib/thumb/v7e-m\libc.a(lib_a-stdio.o)
                0x0040549c                __sread
 .text.__swrite
                0x004054c0       0x3c c:/program files (x86)/atmel/studio/7.0/toolchain/arm/arm-gnu-toolchain/bin/../lib/gcc/arm-none-eabi/6.3.1/../../../../arm-none-eabi/lib/thumb/v7e-m\libc.a(lib_a-stdio.o)
                0x004054c0                __swrite
 .text.__sseek  0x004054fc       0x20 c:/program files (x86)/atmel/studio/7.0/toolchain/arm/arm-gnu-toolchain/bin/../lib/gcc/arm-none-eabi/6.3.1/../../../../arm-none-eabi/lib/thumb/v7e-m\libc.a(lib_a-stdio.o)
                0x004054fc                __sseek
 .text.__sclose
                0x0040551c        0x8 c:/program files (x86)/atmel/studio/7.0/toolchain/arm/arm-gnu-toolchain/bin/../lib/gcc/arm-none-eabi/6.3.1/../../../../arm-none-eabi/lib/thumb/v7e-m\libc.a(lib_a-stdio.o)
                0x0040551c                __sclose
 *fill*         0x00405524       0x1c 
 .text          0x00405540       0xdc c:/program files (x86)/atmel/studio/7.0/toolchain/arm/arm-gnu-toolchain/bin/../lib/gcc/arm-none-eabi/6.3.1/../../../../arm-none-eabi/lib/thumb/v7e-m\libc.a(lib_a-strlen.o)
                0x00405540                strlen
 .text._strtol_l.isra.0
                0x0040561c      0x128 c:/program files (x86)/atmel/studio/7.0/toolchain/arm/arm-gnu-toolchain/bin/../lib/gcc/arm-none-eabi/6.3.1/../../../../arm-none-eabi/lib/thumb/v7e-m\libc.a(lib_a-strtol.o)
 .text._strtol_r
                0x00405744       0x24 c:/program files (x86)/atmel/studio/7.0/toolchain/arm/arm-gnu-toolchain/bin/../lib/gcc/arm-none-eabi/6.3.1/../../../../arm-none-eabi/lib/thumb/v7e-m\libc.a(lib_a-strtol.o)
                0x00405744                _strtol_r
 .text._strtoll_l.isra.0
                0x00405768      0x19c c:/program files (x86)/atmel/studio/7.0/toolchain/arm/arm-gnu-toolchain/bin/../lib/gcc/arm-none-eabi/6.3.1/../../../../arm-none-eabi/lib/thumb/v7e-m\libc.a(lib_a-strtoll.o)
 .text._strtoll_r
                0x00405904       0x24 c:/program files (x86)/atmel/studio/7.0/toolchain/arm/arm-gnu-toolchain/bin/../lib/gcc/arm-none-eabi/6.3.1/../../../../arm-none-eabi/lib/thumb/v7e-m\libc.a(lib_a-strtoll.o)
                0x00405904                _strtoll_r
 .text._strtoul_l.isra.0
                0x00405928      0x148 c:/program files (x86)/atmel/studio/7.0/toolchain/arm/arm-gnu-toolchain/bin/../lib/gcc/arm-none-eabi/6.3.1/../../../../arm-none-eabi/lib/thumb/v7e-m\libc.a(lib_a-strtoul.o)
 .text._strtoul_r
                0x00405a70       0x24 c:/program files (x86)/atmel/studio/7.0/toolchain/arm/arm-gnu-toolchain/bin/../lib/gcc/arm-none-eabi/6.3.1/../../../../arm-none-eabi/lib/thumb/v7e-m\libc.a(lib_a-strtoul.o)
                0x00405a70                _strtoul_r
 .text._strtoull_l.isra.0
                0x00405a94      0x1bc c:/program files (x86)/atmel/studio/7.0/toolchain/arm/arm-gnu-toolchain/bin/../lib/gcc/arm-none-eabi/6.3.1/../../../../arm-none-eabi/lib/thumb/v7e-m\libc.a(lib_a-strtoull.o)
 .text._strtoull_r
                0x00405c50       0x24 c:/program files (x86)/atmel/studio/7.0/toolchain/arm/arm-gnu-toolchain/bin/../lib/gcc/arm-none-eabi/6.3.1/../../../../arm-none-eabi/lib/thumb/v7e-m\libc.a(lib_a-strtoull.o)
                0x00405c50                _strtoull_r
 .text.__submore
                0x00405c74       0x78 c:/program files (x86)/atmel/studio/7.0/toolchain/arm/arm-gnu-toolchain/bin/../lib/gcc/arm-none-eabi/6.3.1/../../../../arm-none-eabi/lib/thumb/v7e-m\libc.a(lib_a-ungetc.o)
                0x00405c74                __submore
 .text._ungetc_r
                0x00405cec      0x138 c:/program files (x86)/atmel/studio/7.0/toolchain/arm/arm-gnu-toolchain/bin/../lib/gcc/arm-none-eabi/6.3.1/../../../../arm-none-eabi/lib/thumb/v7e-m\libc.a(lib_a-ungetc.o)
                0x00405cec                _ungetc_r
 .text.__swbuf_r
                0x00405e24       0xb0 c:/program files (x86)/atmel/studio/7.0/toolchain/arm/arm-gnu-toolchain/bin/../lib/gcc/arm-none-eabi/6.3.1/../../../../arm-none-eabi/lib/thumb/v7e-m\libc.a(lib_a-wbuf.o)
                0x00405e24                __swbuf_r
 .text._wcrtomb_r
                0x00405ed4       0x54 c:/program files (x86)/atmel/studio/7.0/toolchain/arm/arm-gnu-toolchain/bin/../lib/gcc/arm-none-eabi/6.3.1/../../../../arm-none-eabi/lib/thumb/v7e-m\libc.a(lib_a-wcrtomb.o)
                0x00405ed4                _wcrtomb_r
 .text.__ascii_wctomb
                0x00405f28       0x1c c:/program files (x86)/atmel/studio/7.0/toolchain/arm/arm-gnu-toolchain/bin/../lib/gcc/arm-none-eabi/6.3.1/../../../../arm-none-eabi/lib/thumb/v7e-m\libc.a(lib_a-wctomb_r.o)
                0x00405f28                __ascii_wctomb
 .text._write_r
                0x00405f44       0x2c c:/program files (x86)/atmel/studio/7.0/toolchain/arm/arm-gnu-toolchain/bin/../lib/gcc/arm-none-eabi/6.3.1/../../../../arm-none-eabi/lib/thumb/v7e-m\libc.a(lib_a-writer.o)
                0x00405f44                _write_r
 .text.__register_exitproc
                0x00405f70       0xc4 c:/program files (x86)/atmel/studio/7.0/toolchain/arm/arm-gnu-toolchain/bin/../lib/gcc/arm-none-eabi/6.3.1/../../../../arm-none-eabi/lib/thumb/v7e-m\libc.a(lib_a-__atexit.o)
                0x00405f70                __register_exitproc
 .text._close_r
                0x00406034       0x24 c:/program files (x86)/atmel/studio/7.0/toolchain/arm/arm-gnu-toolchain/bin/../lib/gcc/arm-none-eabi/6.3.1/../../../../arm-none-eabi/lib/thumb/v7e-m\libc.a(lib_a-closer.o)
                0x00406034                _close_r
 .text._fclose_r
                0x00406058       0xc4 c:/program files (x86)/atmel/studio/7.0/toolchain/arm/arm-gnu-toolchain/bin/../lib/gcc/arm-none-eabi/6.3.1/../../../../arm-none-eabi/lib/thumb/v7e-m\libc.a(lib_a-fclose.o)
                0x00406058                _fclose_r
 .text._fstat_r
                0x0040611c       0x28 c:/program files (x86)/atmel/studio/7.0/toolchain/arm/arm-gnu-toolchain/bin/../lib/gcc/arm-none-eabi/6.3.1/../../../../arm-none-eabi/lib/thumb/v7e-m\libc.a(lib_a-fstatr.o)
                0x0040611c                _fstat_r
 .text._isatty_r
                0x00406144       0x24 c:/program files (x86)/atmel/studio/7.0/toolchain/arm/arm-gnu-toolchain/bin/../lib/gcc/arm-none-eabi/6.3.1/../../../../arm-none-eabi/lib/thumb/v7e-m\libc.a(lib_a-isattyr.o)
                0x00406144                _isatty_r
 .text._lseek_r
                0x00406168       0x2c c:/program files (x86)/atmel/studio/7.0/toolchain/arm/arm-gnu-toolchain/bin/../lib/gcc/arm-none-eabi/6.3.1/../../../../arm-none-eabi/lib/thumb/v7e-m\libc.a(lib_a-lseekr.o)
                0x00406168                _lseek_r
 .text._read_r  0x00406194       0x2c c:/program files (x86)/atmel/studio/7.0/toolchain/arm/arm-gnu-toolchain/bin/../lib/gcc/arm-none-eabi/6.3.1/../../../../arm-none-eabi/lib/thumb/v7e-m\libc.a(lib_a-readr.o)
                0x00406194                _read_r
 .text          0x004061c0       0x30 c:/program files (x86)/atmel/studio/7.0/toolchain/arm/arm-gnu-toolchain/bin/../lib/gcc/arm-none-eabi/6.3.1/thumb/v7e-m\libgcc.a(_aeabi_uldivmod.o)
                0x004061c0                __aeabi_uldivmod
 .text          0x004061f0      0x2dc c:/program files (x86)/atmel/studio/7.0/toolchain/arm/arm-gnu-toolchain/bin/../lib/gcc/arm-none-eabi/6.3.1/thumb/v7e-m\libgcc.a(_udivmoddi4.o)
                0x004061f0                __udivmoddi4
 .text          0x004064cc        0x4 c:/program files (x86)/atmel/studio/7.0/toolchain/arm/arm-gnu-toolchain/bin/../lib/gcc/arm-none-eabi/6.3.1/thumb/v7e-m\libgcc.a(_dvmd_tls.o)
                0x004064cc                __aeabi_idiv0
                0x004064cc                __aeabi_ldiv0
 *(.glue_7t)
 .glue_7t       0x004064d0        0x0 linker stubs
 *(.glue_7)
 .glue_7        0x004064d0        0x0 linker stubs
 *(.rodata .rodata* .gnu.linkonce.r.*)
 .rodata.main.str1.4
                0x004064d0      0x2d0 src/main.o
 .rodata.message_received.str1.4
                0x004067a0       0x1b src/main.o
 *fill*         0x004067bb        0x1 
 .rodata.test_message_received.str1.4
                0x004067bc       0x34 C:\Dev\PCB_Test\EMB_fremework\LibFiles\libShift_CAN_Lib.a(shift_can_testing.o)
 .rodata.MCAN0_INT0_Handler.str1.4
                0x004067f0       0x4e C:\Dev\PCB_Test\EMB_fremework\LibFiles\libShift_CAN_Lib.a(shift_can.o)
 *fill*         0x0040683e        0x2 
 .rodata.add_single_filter_module_0.str1.4
                0x00406840       0x20 C:\Dev\PCB_Test\EMB_fremework\LibFiles\libShift_CAN_Lib.a(shift_can.o)
 .rodata.send_message_module_0.str1.4
                0x00406860       0x64 C:\Dev\PCB_Test\EMB_fremework\LibFiles\libShift_CAN_Lib.a(shift_can.o)
 .rodata._global_impure_ptr
                0x004068c4        0x4 c:/program files (x86)/atmel/studio/7.0/toolchain/arm/arm-gnu-toolchain/bin/../lib/gcc/arm-none-eabi/6.3.1/../../../../arm-none-eabi/lib/thumb/v7e-m\libc.a(lib_a-impure.o)
                0x004068c4                _global_impure_ptr
 .rodata._vfiprintf_r.str1.4
                0x004068c8       0x2f c:/program files (x86)/atmel/studio/7.0/toolchain/arm/arm-gnu-toolchain/bin/../lib/gcc/arm-none-eabi/6.3.1/../../../../arm-none-eabi/lib/thumb/v7e-m\libc.a(lib_a-vfiprintf.o)
 *fill*         0x004068f7        0x1 
 .rodata.blanks.7217
                0x004068f8       0x10 c:/program files (x86)/atmel/studio/7.0/toolchain/arm/arm-gnu-toolchain/bin/../lib/gcc/arm-none-eabi/6.3.1/../../../../arm-none-eabi/lib/thumb/v7e-m\libc.a(lib_a-vfiprintf.o)
 .rodata.zeroes.7218
                0x00406908       0x10 c:/program files (x86)/atmel/studio/7.0/toolchain/arm/arm-gnu-toolchain/bin/../lib/gcc/arm-none-eabi/6.3.1/../../../../arm-none-eabi/lib/thumb/v7e-m\libc.a(lib_a-vfiprintf.o)
 .rodata.basefix.6805
                0x00406918       0x22 c:/program files (x86)/atmel/studio/7.0/toolchain/arm/arm-gnu-toolchain/bin/../lib/gcc/arm-none-eabi/6.3.1/../../../../arm-none-eabi/lib/thumb/v7e-m\libc.a(lib_a-vfiscanf.o)
 *fill*         0x0040693a        0x2 
 .rodata._setlocale_r.str1.4
                0x0040693c        0xa c:/program files (x86)/atmel/studio/7.0/toolchain/arm/arm-gnu-toolchain/bin/../lib/gcc/arm-none-eabi/6.3.1/../../../../arm-none-eabi/lib/thumb/v7e-m\libc.a(lib_a-locale.o)
                                  0xd (size before relaxing)
 *fill*         0x00406946        0x2 
 .rodata.str1.4
                0x00406948        0x4 c:/program files (x86)/atmel/studio/7.0/toolchain/arm/arm-gnu-toolchain/bin/../lib/gcc/arm-none-eabi/6.3.1/../../../../arm-none-eabi/lib/thumb/v7e-m\libc.a(lib_a-locale.o)
                                  0x2 (size before relaxing)
 .rodata._mbrtowc_r.str1.4
                0x0040694c        0x1 c:/program files (x86)/atmel/studio/7.0/toolchain/arm/arm-gnu-toolchain/bin/../lib/gcc/arm-none-eabi/6.3.1/../../../../arm-none-eabi/lib/thumb/v7e-m\libc.a(lib_a-mbrtowc.o)
 .rodata._ctype_
                0x0040694c      0x101 c:/program files (x86)/atmel/studio/7.0/toolchain/arm/arm-gnu-toolchain/bin/../lib/gcc/arm-none-eabi/6.3.1/../../../../arm-none-eabi/lib/thumb/v7e-m\libc.a(lib_a-ctype_.o)
                0x0040694c                _ctype_
 *(.ARM.extab* .gnu.linkonce.armextab.*)
                0x00406a50                . = ALIGN (0x4)
 *fill*         0x00406a4d        0x3 
 *(.init)
 .init          0x00406a50        0x4 c:/program files (x86)/atmel/studio/7.0/toolchain/arm/arm-gnu-toolchain/bin/../lib/gcc/arm-none-eabi/6.3.1/thumb/v7e-m/crti.o
                0x00406a50                _init
 .init          0x00406a54        0x8 c:/program files (x86)/atmel/studio/7.0/toolchain/arm/arm-gnu-toolchain/bin/../lib/gcc/arm-none-eabi/6.3.1/thumb/v7e-m/crtn.o
                0x00406a5c                . = ALIGN (0x4)
                0x00406a5c                __preinit_array_start = .
 *(.preinit_array)
                0x00406a5c                __preinit_array_end = .
                0x00406a5c                . = ALIGN (0x4)
                0x00406a5c                __init_array_start = .
 *(SORT(.init_array.*))
 .init_array.00000
                0x00406a5c        0x4 c:/program files (x86)/atmel/studio/7.0/toolchain/arm/arm-gnu-toolchain/bin/../lib/gcc/arm-none-eabi/6.3.1/../../../../arm-none-eabi/lib/thumb/v7e-m\libc.a(lib_a-__call_atexit.o)
 *(.init_array)
 .init_array    0x00406a60        0x4 c:/program files (x86)/atmel/studio/7.0/toolchain/arm/arm-gnu-toolchain/bin/../lib/gcc/arm-none-eabi/6.3.1/thumb/v7e-m/crtbegin.o
                0x00406a64                __init_array_end = .
                0x00406a64                . = ALIGN (0x4)
 *crtbegin.o(.ctors)
 *(EXCLUDE_FILE(*crtend.o) .ctors)
 *(SORT(.ctors.*))
 *crtend.o(.ctors)
                0x00406a64                . = ALIGN (0x4)
 *(.fini)
 .fini          0x00406a64        0x4 c:/program files (x86)/atmel/studio/7.0/toolchain/arm/arm-gnu-toolchain/bin/../lib/gcc/arm-none-eabi/6.3.1/thumb/v7e-m/crti.o
                0x00406a64                _fini
 .fini          0x00406a68        0x8 c:/program files (x86)/atmel/studio/7.0/toolchain/arm/arm-gnu-toolchain/bin/../lib/gcc/arm-none-eabi/6.3.1/thumb/v7e-m/crtn.o
                0x00406a70                . = ALIGN (0x4)
                0x00406a70                __fini_array_start = .
 *(.fini_array)
 .fini_array    0x00406a70        0x4 c:/program files (x86)/atmel/studio/7.0/toolchain/arm/arm-gnu-toolchain/bin/../lib/gcc/arm-none-eabi/6.3.1/thumb/v7e-m/crtbegin.o
 *(SORT(.fini_array.*))
                0x00406a74                __fini_array_end = .
 *crtbegin.o(.dtors)
 *(EXCLUDE_FILE(*crtend.o) .dtors)
 *(SORT(.dtors.*))
 *crtend.o(.dtors)
                0x00406a74                . = ALIGN (0x4)
                0x00406a74                _efixed = .
                [!provide]                PROVIDE (__exidx_start, .)

.vfp11_veneer   0x00406a74        0x0
 .vfp11_veneer  0x00406a74        0x0 linker stubs

.v4_bx          0x00406a74        0x0
 .v4_bx         0x00406a74        0x0 linker stubs

.iplt           0x00406a74        0x0
 .iplt          0x00406a74        0x0 c:/program files (x86)/atmel/studio/7.0/toolchain/arm/arm-gnu-toolchain/bin/../lib/gcc/arm-none-eabi/6.3.1/thumb/v7e-m/crtbegin.o

.ARM.exidx      0x00406a74        0x8
 *(.ARM.exidx* .gnu.linkonce.armexidx.*)
 .ARM.exidx     0x00406a74        0x8 c:/program files (x86)/atmel/studio/7.0/toolchain/arm/arm-gnu-toolchain/bin/../lib/gcc/arm-none-eabi/6.3.1/thumb/v7e-m\libgcc.a(_udivmoddi4.o)
                [!provide]                PROVIDE (__exidx_end, .)

.eh_frame       0x00406a7c        0x0
 .eh_frame      0x00406a7c        0x0 c:/program files (x86)/atmel/studio/7.0/toolchain/arm/arm-gnu-toolchain/bin/../lib/gcc/arm-none-eabi/6.3.1/thumb/v7e-m/crtbegin.o

.rel.dyn        0x00406a7c        0x0
 .rel.iplt      0x00406a7c        0x0 c:/program files (x86)/atmel/studio/7.0/toolchain/arm/arm-gnu-toolchain/bin/../lib/gcc/arm-none-eabi/6.3.1/thumb/v7e-m/crtbegin.o

.jcr            0x00406a7c        0x0
 .jcr           0x00406a7c        0x0 c:/program files (x86)/atmel/studio/7.0/toolchain/arm/arm-gnu-toolchain/bin/../lib/gcc/arm-none-eabi/6.3.1/thumb/v7e-m/crtbegin.o

.igot.plt       0x00406a7c        0x0
 .igot.plt      0x00406a7c        0x0 c:/program files (x86)/atmel/studio/7.0/toolchain/arm/arm-gnu-toolchain/bin/../lib/gcc/arm-none-eabi/6.3.1/thumb/v7e-m/crtbegin.o
                0x00406a7c                . = ALIGN (0x4)
                0x00406a7c                _etext = .

.relocate       0x20400000      0x9b8 load address 0x00406a7c
                0x20400000                . = ALIGN (0x4)
                0x20400000                _srelocate = .
 *(.ramfunc .ramfunc.*)
 *(.data .data.*)
 .data.g_interrupt_enabled
                0x20400000        0x1 src/ASF/common/utils/interrupt/interrupt_sam_nvic.o
                0x20400000                g_interrupt_enabled
 *fill*         0x20400001        0x3 
 .data.SystemCoreClock
                0x20400004        0x4 src/ASF/sam/utils/cmsis/samv71/source/templates/system_samv71.o
                0x20400004                SystemCoreClock
 .data._impure_ptr
                0x20400008        0x4 c:/program files (x86)/atmel/studio/7.0/toolchain/arm/arm-gnu-toolchain/bin/../lib/gcc/arm-none-eabi/6.3.1/../../../../arm-none-eabi/lib/thumb/v7e-m\libc.a(lib_a-impure.o)
                0x20400008                _impure_ptr
 *fill*         0x2040000c        0x4 
 .data.impure_data
                0x20400010      0x428 c:/program files (x86)/atmel/studio/7.0/toolchain/arm/arm-gnu-toolchain/bin/../lib/gcc/arm-none-eabi/6.3.1/../../../../arm-none-eabi/lib/thumb/v7e-m\libc.a(lib_a-impure.o)
 .data.__atexit_recursive_mutex
                0x20400438        0x4 c:/program files (x86)/atmel/studio/7.0/toolchain/arm/arm-gnu-toolchain/bin/../lib/gcc/arm-none-eabi/6.3.1/../../../../arm-none-eabi/lib/thumb/v7e-m\libc.a(lib_a-__call_atexit.o)
                0x20400438                __atexit_recursive_mutex
 .data.__global_locale
                0x2040043c      0x16c c:/program files (x86)/atmel/studio/7.0/toolchain/arm/arm-gnu-toolchain/bin/../lib/gcc/arm-none-eabi/6.3.1/../../../../arm-none-eabi/lib/thumb/v7e-m\libc.a(lib_a-locale.o)
                0x2040043c                __global_locale
 .data.__malloc_av_
                0x204005a8      0x408 c:/program files (x86)/atmel/studio/7.0/toolchain/arm/arm-gnu-toolchain/bin/../lib/gcc/arm-none-eabi/6.3.1/../../../../arm-none-eabi/lib/thumb/v7e-m\libc.a(lib_a-mallocr.o)
                0x204005a8                __malloc_av_
 .data.__malloc_sbrk_base
                0x204009b0        0x4 c:/program files (x86)/atmel/studio/7.0/toolchain/arm/arm-gnu-toolchain/bin/../lib/gcc/arm-none-eabi/6.3.1/../../../../arm-none-eabi/lib/thumb/v7e-m\libc.a(lib_a-mallocr.o)
                0x204009b0                __malloc_sbrk_base
 .data.__malloc_trim_threshold
                0x204009b4        0x4 c:/program files (x86)/atmel/studio/7.0/toolchain/arm/arm-gnu-toolchain/bin/../lib/gcc/arm-none-eabi/6.3.1/../../../../arm-none-eabi/lib/thumb/v7e-m\libc.a(lib_a-mallocr.o)
                0x204009b4                __malloc_trim_threshold
                0x204009b8                . = ALIGN (0x4)
                0x204009b8                _erelocate = .

.bss            0x204009b8      0xcdc load address 0x00407434
                0x204009b8                . = ALIGN (0x4)
                0x204009b8                _sbss = .
                0x204009b8                _szero = .
 *(.bss .bss.*)
 .bss           0x204009b8       0x1c c:/program files (x86)/atmel/studio/7.0/toolchain/arm/arm-gnu-toolchain/bin/../lib/gcc/arm-none-eabi/6.3.1/thumb/v7e-m/crtbegin.o
 .bss.gs_interrupt_sources
                0x204009d4       0x70 src/ASF/sam/drivers/pio/pio_handler.o
 .bss.mcan0_rx_buffer
                0x20400a44      0x120 src/ASF/sam/drivers/mcan/mcan.o
 .bss.mcan0_rx_extended_filter
                0x20400b64       0x10 src/ASF/sam/drivers/mcan/mcan.o
 .bss.mcan0_rx_fifo_0
                0x20400b74      0x120 src/ASF/sam/drivers/mcan/mcan.o
 .bss.mcan0_rx_fifo_1
                0x20400c94      0x120 src/ASF/sam/drivers/mcan/mcan.o
 .bss.mcan0_rx_standard_filter
                0x20400db4      0x100 src/ASF/sam/drivers/mcan/mcan.o
 .bss.mcan0_tx_buffer
                0x20400eb4      0x120 src/ASF/sam/drivers/mcan/mcan.o
 .bss.mcan0_tx_event_fifo
                0x20400fd4       0x20 src/ASF/sam/drivers/mcan/mcan.o
 .bss.mcan1_rx_buffer
                0x20400ff4      0x120 src/ASF/sam/drivers/mcan/mcan.o
 .bss.mcan1_rx_extended_filter
                0x20401114       0x10 src/ASF/sam/drivers/mcan/mcan.o
 .bss.mcan1_rx_fifo_0
                0x20401124      0x120 src/ASF/sam/drivers/mcan/mcan.o
 .bss.mcan1_rx_fifo_1
                0x20401244      0x120 src/ASF/sam/drivers/mcan/mcan.o
 .bss.mcan1_rx_standard_filter
                0x20401364      0x100 src/ASF/sam/drivers/mcan/mcan.o
 .bss.mcan1_tx_buffer
                0x20401464      0x120 src/ASF/sam/drivers/mcan/mcan.o
 .bss.mcan1_tx_event_fifo
                0x20401584       0x20 src/ASF/sam/drivers/mcan/mcan.o
 .bss.heap.6420
                0x204015a4        0x4 src/ASF/sam/utils/syscalls/gcc/syscalls.o
 .bss.fifo_receive_index
                0x204015a8        0x4 C:\Dev\PCB_Test\EMB_fremework\LibFiles\libShift_CAN_Lib.a(shift_can.o)
 .bss.module_0  0x204015ac        0x4 C:\Dev\PCB_Test\EMB_fremework\LibFiles\libShift_CAN_Lib.a(shift_can.o)
 .bss.module_1  0x204015b0        0x4 C:\Dev\PCB_Test\EMB_fremework\LibFiles\libShift_CAN_Lib.a(shift_can.o)
 .bss.rx_element_fifo
                0x204015b4       0x48 C:\Dev\PCB_Test\EMB_fremework\LibFiles\libShift_CAN_Lib.a(shift_can.o)
 .bss.__malloc_current_mallinfo
                0x204015fc       0x28 c:/program files (x86)/atmel/studio/7.0/toolchain/arm/arm-gnu-toolchain/bin/../lib/gcc/arm-none-eabi/6.3.1/../../../../arm-none-eabi/lib/thumb/v7e-m\libc.a(lib_a-mallocr.o)
                0x204015fc                __malloc_current_mallinfo
 .bss.__malloc_max_sbrked_mem
                0x20401624        0x4 c:/program files (x86)/atmel/studio/7.0/toolchain/arm/arm-gnu-toolchain/bin/../lib/gcc/arm-none-eabi/6.3.1/../../../../arm-none-eabi/lib/thumb/v7e-m\libc.a(lib_a-mallocr.o)
                0x20401624                __malloc_max_sbrked_mem
 .bss.__malloc_max_total_mem
                0x20401628        0x4 c:/program files (x86)/atmel/studio/7.0/toolchain/arm/arm-gnu-toolchain/bin/../lib/gcc/arm-none-eabi/6.3.1/../../../../arm-none-eabi/lib/thumb/v7e-m\libc.a(lib_a-mallocr.o)
                0x20401628                __malloc_max_total_mem
 .bss.__malloc_top_pad
                0x2040162c        0x4 c:/program files (x86)/atmel/studio/7.0/toolchain/arm/arm-gnu-toolchain/bin/../lib/gcc/arm-none-eabi/6.3.1/../../../../arm-none-eabi/lib/thumb/v7e-m\libc.a(lib_a-mallocr.o)
                0x2040162c                __malloc_top_pad
 *(COMMON)
 COMMON         0x20401630        0x4 src/ASF/common/utils/stdio/read.o
                0x20401630                ptr_get
 COMMON         0x20401634        0x8 src/ASF/common/utils/stdio/write.o
                0x20401634                ptr_put
                0x20401638                stdio_base
 COMMON         0x2040163c       0x30 C:\Dev\PCB_Test\EMB_fremework\LibFiles\libShift_LED_Lib.a(shift_led.o)
                0x2040163c                blinking_leds
 COMMON         0x2040166c       0x21 c:/program files (x86)/atmel/studio/7.0/toolchain/arm/arm-gnu-toolchain/bin/../lib/gcc/arm-none-eabi/6.3.1/../../../../arm-none-eabi/lib/thumb/v7e-m\libc.a(lib_a-lock.o)
                0x2040166c                __lock___atexit_recursive_mutex
                0x20401670                __lock___arc4random_mutex
                0x20401674                __lock___env_recursive_mutex
                0x20401678                __lock___sinit_recursive_mutex
                0x2040167c                __lock___malloc_recursive_mutex
                0x20401680                __lock___at_quick_exit_mutex
                0x20401684                __lock___dd_hash_mutex
                0x20401688                __lock___tz_mutex
                0x2040168c                __lock___sfp_recursive_mutex
 *fill*         0x2040168d        0x3 
 COMMON         0x20401690        0x4 c:/program files (x86)/atmel/studio/7.0/toolchain/arm/arm-gnu-toolchain/bin/../lib/gcc/arm-none-eabi/6.3.1/../../../../arm-none-eabi/lib/thumb/v7e-m\libc.a(lib_a-reent.o)
                0x20401690                errno
                0x20401694                . = ALIGN (0x4)
                0x20401694                _ebss = .
                0x20401694                _ezero = .

.stack          0x20401694     0x2004 load address 0x00408110
                0x20401698                . = ALIGN (0x8)
 *fill*         0x20401694        0x4 
                0x20401698                _sstack = .
                0x20403698                . = (. + STACK_SIZE)
 *fill*         0x20401698     0x2000 
                0x20403698                . = ALIGN (0x8)
                0x20403698                _estack = .

.heap           0x20403698      0x200 load address 0x0040a114
                0x20403698                . = ALIGN (0x8)
                0x20403698                _sheap = .
                0x20403898                . = (. + HEAP_SIZE)
 *fill*         0x20403698      0x200 
                0x20403898                . = ALIGN (0x8)
                0x20403898                _eheap = .
                0x20403898                . = ALIGN (0x4)
                0x20403898                _end = .
                0x2045ffff                _ram_end_ = ((ORIGIN (ram) + LENGTH (ram)) - 0x1)
OUTPUT(PCB_Test.elf elf32-littlearm)

.ARM.attributes
                0x00000000       0x2e
 .ARM.attributes
                0x00000000       0x1e c:/program files (x86)/atmel/studio/7.0/toolchain/arm/arm-gnu-toolchain/bin/../lib/gcc/arm-none-eabi/6.3.1/thumb/v7e-m/crti.o
 .ARM.attributes
                0x0000001e       0x2e c:/program files (x86)/atmel/studio/7.0/toolchain/arm/arm-gnu-toolchain/bin/../lib/gcc/arm-none-eabi/6.3.1/thumb/v7e-m/crtbegin.o
 .ARM.attributes
                0x0000004c       0x37 src/ASF/common/utils/stdio/read.o
 .ARM.attributes
                0x00000083       0x37 src/ASF/sam/drivers/pio/pio_handler.o
 .ARM.attributes
                0x000000ba       0x37 src/ASF/sam/drivers/usart/usart.o
 .ARM.attributes
                0x000000f1       0x37 src/ASF/common/utils/stdio/write.o
 .ARM.attributes
                0x00000128       0x37 src/ASF/common/services/clock/samv71/sysclk.o
 .ARM.attributes
                0x0000015f       0x37 src/ASF/sam/drivers/mcan/mcan.o
 .ARM.attributes
                0x00000196       0x37 src/ASF/sam/drivers/pio/pio.o
 .ARM.attributes
                0x000001cd       0x37 src/ASF/sam/drivers/pmc/pmc.o
 .ARM.attributes
                0x00000204       0x37 src/ASF/sam/drivers/tc/tc.o
 .ARM.attributes
                0x0000023b       0x37 src/ASF/sam/drivers/uart/uart.o
 .ARM.attributes
                0x00000272       0x37 src/ASF/common/boards/user_board/init.o
 .ARM.attributes
                0x000002a9       0x37 src/ASF/common/utils/interrupt/interrupt_sam_nvic.o
 .ARM.attributes
                0x000002e0       0x37 src/ASF/sam/utils/cmsis/samv71/source/templates/gcc/startup_samv71.o
 .ARM.attributes
                0x00000317       0x37 src/ASF/sam/utils/cmsis/samv71/source/templates/system_samv71.o
 .ARM.attributes
                0x0000034e       0x37 src/ASF/sam/utils/syscalls/gcc/syscalls.o
 .ARM.attributes
                0x00000385       0x37 src/main.o
 .ARM.attributes
                0x000003bc       0x37 C:\Dev\PCB_Test\EMB_fremework\LibFiles\libShift_CAN_Lib.a(shift_can_testing.o)
 .ARM.attributes
                0x000003f3       0x37 C:\Dev\PCB_Test\EMB_fremework\LibFiles\libShift_CAN_Lib.a(shift_can.o)
 .ARM.attributes
                0x0000042a       0x37 C:\Dev\PCB_Test\EMB_fremework\LibFiles\libShift_LED_Lib.a(shift_led.o)
 .ARM.attributes
                0x00000461       0x2e c:/program files (x86)/atmel/studio/7.0/toolchain/arm/arm-gnu-toolchain/bin/../lib/gcc/arm-none-eabi/6.3.1/../../../../arm-none-eabi/lib/thumb/v7e-m\libc.a(lib_a-impure.o)
 .ARM.attributes
                0x0000048f       0x2e c:/program files (x86)/atmel/studio/7.0/toolchain/arm/arm-gnu-toolchain/bin/../lib/gcc/arm-none-eabi/6.3.1/../../../../arm-none-eabi/lib/thumb/v7e-m\libc.a(lib_a-init.o)
 .ARM.attributes
                0x000004bd       0x2e c:/program files (x86)/atmel/studio/7.0/toolchain/arm/arm-gnu-toolchain/bin/../lib/gcc/arm-none-eabi/6.3.1/../../../../arm-none-eabi/lib/thumb/v7e-m\libc.a(lib_a-iprintf.o)
 .ARM.attributes
                0x000004eb       0x2e c:/program files (x86)/atmel/studio/7.0/toolchain/arm/arm-gnu-toolchain/bin/../lib/gcc/arm-none-eabi/6.3.1/../../../../arm-none-eabi/lib/thumb/v7e-m\libc.a(lib_a-iscanf.o)
 .ARM.attributes
                0x00000519       0x1c c:/program files (x86)/atmel/studio/7.0/toolchain/arm/arm-gnu-toolchain/bin/../lib/gcc/arm-none-eabi/6.3.1/../../../../arm-none-eabi/lib/thumb/v7e-m\libc.a(lib_a-memcpy.o)
 .ARM.attributes
                0x00000535       0x2e c:/program files (x86)/atmel/studio/7.0/toolchain/arm/arm-gnu-toolchain/bin/../lib/gcc/arm-none-eabi/6.3.1/../../../../arm-none-eabi/lib/thumb/v7e-m\libc.a(lib_a-memset.o)
 .ARM.attributes
                0x00000563       0x2e c:/program files (x86)/atmel/studio/7.0/toolchain/arm/arm-gnu-toolchain/bin/../lib/gcc/arm-none-eabi/6.3.1/../../../../arm-none-eabi/lib/thumb/v7e-m\libc.a(lib_a-setbuf.o)
 .ARM.attributes
                0x00000591       0x2e c:/program files (x86)/atmel/studio/7.0/toolchain/arm/arm-gnu-toolchain/bin/../lib/gcc/arm-none-eabi/6.3.1/../../../../arm-none-eabi/lib/thumb/v7e-m\libc.a(lib_a-setvbuf.o)
 .ARM.attributes
                0x000005bf       0x2e c:/program files (x86)/atmel/studio/7.0/toolchain/arm/arm-gnu-toolchain/bin/../lib/gcc/arm-none-eabi/6.3.1/../../../../arm-none-eabi/lib/thumb/v7e-m\libc.a(lib_a-vfiprintf.o)
 .ARM.attributes
                0x000005ed       0x2e c:/program files (x86)/atmel/studio/7.0/toolchain/arm/arm-gnu-toolchain/bin/../lib/gcc/arm-none-eabi/6.3.1/../../../../arm-none-eabi/lib/thumb/v7e-m\libc.a(lib_a-vfiscanf.o)
 .ARM.attributes
                0x0000061b       0x2e c:/program files (x86)/atmel/studio/7.0/toolchain/arm/arm-gnu-toolchain/bin/../lib/gcc/arm-none-eabi/6.3.1/../../../../arm-none-eabi/lib/thumb/v7e-m\libc.a(lib_a-wsetup.o)
 .ARM.attributes
                0x00000649       0x2e c:/program files (x86)/atmel/studio/7.0/toolchain/arm/arm-gnu-toolchain/bin/../lib/gcc/arm-none-eabi/6.3.1/../../../../arm-none-eabi/lib/thumb/v7e-m\libc.a(lib_a-__call_atexit.o)
 .ARM.attributes
                0x00000677       0x2e c:/program files (x86)/atmel/studio/7.0/toolchain/arm/arm-gnu-toolchain/bin/../lib/gcc/arm-none-eabi/6.3.1/../../../../arm-none-eabi/lib/thumb/v7e-m\libc.a(lib_a-atexit.o)
 .ARM.attributes
                0x000006a5       0x2e c:/program files (x86)/atmel/studio/7.0/toolchain/arm/arm-gnu-toolchain/bin/../lib/gcc/arm-none-eabi/6.3.1/../../../../arm-none-eabi/lib/thumb/v7e-m\libc.a(lib_a-fflush.o)
 .ARM.attributes
                0x000006d3       0x2e c:/program files (x86)/atmel/studio/7.0/toolchain/arm/arm-gnu-toolchain/bin/../lib/gcc/arm-none-eabi/6.3.1/../../../../arm-none-eabi/lib/thumb/v7e-m\libc.a(lib_a-findfp.o)
 .ARM.attributes
                0x00000701       0x2e c:/program files (x86)/atmel/studio/7.0/toolchain/arm/arm-gnu-toolchain/bin/../lib/gcc/arm-none-eabi/6.3.1/../../../../arm-none-eabi/lib/thumb/v7e-m\libc.a(lib_a-fini.o)
 .ARM.attributes
                0x0000072f       0x2e c:/program files (x86)/atmel/studio/7.0/toolchain/arm/arm-gnu-toolchain/bin/../lib/gcc/arm-none-eabi/6.3.1/../../../../arm-none-eabi/lib/thumb/v7e-m\libc.a(lib_a-fputwc.o)
 .ARM.attributes
                0x0000075d       0x2e c:/program files (x86)/atmel/studio/7.0/toolchain/arm/arm-gnu-toolchain/bin/../lib/gcc/arm-none-eabi/6.3.1/../../../../arm-none-eabi/lib/thumb/v7e-m\libc.a(lib_a-fread.o)
 .ARM.attributes
                0x0000078b       0x2e c:/program files (x86)/atmel/studio/7.0/toolchain/arm/arm-gnu-toolchain/bin/../lib/gcc/arm-none-eabi/6.3.1/../../../../arm-none-eabi/lib/thumb/v7e-m\libc.a(lib_a-freer.o)
 .ARM.attributes
                0x000007b9       0x2e c:/program files (x86)/atmel/studio/7.0/toolchain/arm/arm-gnu-toolchain/bin/../lib/gcc/arm-none-eabi/6.3.1/../../../../arm-none-eabi/lib/thumb/v7e-m\libc.a(lib_a-fvwrite.o)
 .ARM.attributes
                0x000007e7       0x2e c:/program files (x86)/atmel/studio/7.0/toolchain/arm/arm-gnu-toolchain/bin/../lib/gcc/arm-none-eabi/6.3.1/../../../../arm-none-eabi/lib/thumb/v7e-m\libc.a(lib_a-fwalk.o)
 .ARM.attributes
                0x00000815       0x2e c:/program files (x86)/atmel/studio/7.0/toolchain/arm/arm-gnu-toolchain/bin/../lib/gcc/arm-none-eabi/6.3.1/../../../../arm-none-eabi/lib/thumb/v7e-m\libc.a(lib_a-iswspace.o)
 .ARM.attributes
                0x00000843       0x2e c:/program files (x86)/atmel/studio/7.0/toolchain/arm/arm-gnu-toolchain/bin/../lib/gcc/arm-none-eabi/6.3.1/../../../../arm-none-eabi/lib/thumb/v7e-m\libc.a(lib_a-locale.o)
 .ARM.attributes
                0x00000871       0x2e c:/program files (x86)/atmel/studio/7.0/toolchain/arm/arm-gnu-toolchain/bin/../lib/gcc/arm-none-eabi/6.3.1/../../../../arm-none-eabi/lib/thumb/v7e-m\libc.a(lib_a-lock.o)
 .ARM.attributes
                0x0000089f       0x2e c:/program files (x86)/atmel/studio/7.0/toolchain/arm/arm-gnu-toolchain/bin/../lib/gcc/arm-none-eabi/6.3.1/../../../../arm-none-eabi/lib/thumb/v7e-m\libc.a(lib_a-makebuf.o)
 .ARM.attributes
                0x000008cd       0x2e c:/program files (x86)/atmel/studio/7.0/toolchain/arm/arm-gnu-toolchain/bin/../lib/gcc/arm-none-eabi/6.3.1/../../../../arm-none-eabi/lib/thumb/v7e-m\libc.a(lib_a-malloc.o)
 .ARM.attributes
                0x000008fb       0x2e c:/program files (x86)/atmel/studio/7.0/toolchain/arm/arm-gnu-toolchain/bin/../lib/gcc/arm-none-eabi/6.3.1/../../../../arm-none-eabi/lib/thumb/v7e-m\libc.a(lib_a-mallocr.o)
 .ARM.attributes
                0x00000929       0x2e c:/program files (x86)/atmel/studio/7.0/toolchain/arm/arm-gnu-toolchain/bin/../lib/gcc/arm-none-eabi/6.3.1/../../../../arm-none-eabi/lib/thumb/v7e-m\libc.a(lib_a-mbrtowc.o)
 .ARM.attributes
                0x00000957       0x2e c:/program files (x86)/atmel/studio/7.0/toolchain/arm/arm-gnu-toolchain/bin/../lib/gcc/arm-none-eabi/6.3.1/../../../../arm-none-eabi/lib/thumb/v7e-m\libc.a(lib_a-mbtowc_r.o)
 .ARM.attributes
                0x00000985       0x1c c:/program files (x86)/atmel/studio/7.0/toolchain/arm/arm-gnu-toolchain/bin/../lib/gcc/arm-none-eabi/6.3.1/../../../../arm-none-eabi/lib/thumb/v7e-m\libc.a(lib_a-memchr.o)
 .ARM.attributes
                0x000009a1       0x2e c:/program files (x86)/atmel/studio/7.0/toolchain/arm/arm-gnu-toolchain/bin/../lib/gcc/arm-none-eabi/6.3.1/../../../../arm-none-eabi/lib/thumb/v7e-m\libc.a(lib_a-memmove.o)
 .ARM.attributes
                0x000009cf       0x2e c:/program files (x86)/atmel/studio/7.0/toolchain/arm/arm-gnu-toolchain/bin/../lib/gcc/arm-none-eabi/6.3.1/../../../../arm-none-eabi/lib/thumb/v7e-m\libc.a(lib_a-mlock.o)
 .ARM.attributes
                0x000009fd       0x2e c:/program files (x86)/atmel/studio/7.0/toolchain/arm/arm-gnu-toolchain/bin/../lib/gcc/arm-none-eabi/6.3.1/../../../../arm-none-eabi/lib/thumb/v7e-m\libc.a(lib_a-reallocr.o)
 .ARM.attributes
                0x00000a2b       0x2e c:/program files (x86)/atmel/studio/7.0/toolchain/arm/arm-gnu-toolchain/bin/../lib/gcc/arm-none-eabi/6.3.1/../../../../arm-none-eabi/lib/thumb/v7e-m\libc.a(lib_a-refill.o)
 .ARM.attributes
                0x00000a59       0x2e c:/program files (x86)/atmel/studio/7.0/toolchain/arm/arm-gnu-toolchain/bin/../lib/gcc/arm-none-eabi/6.3.1/../../../../arm-none-eabi/lib/thumb/v7e-m\libc.a(lib_a-sbrkr.o)
 .ARM.attributes
                0x00000a87       0x2e c:/program files (x86)/atmel/studio/7.0/toolchain/arm/arm-gnu-toolchain/bin/../lib/gcc/arm-none-eabi/6.3.1/../../../../arm-none-eabi/lib/thumb/v7e-m\libc.a(lib_a-sccl.o)
 .ARM.attributes
                0x00000ab5       0x2e c:/program files (x86)/atmel/studio/7.0/toolchain/arm/arm-gnu-toolchain/bin/../lib/gcc/arm-none-eabi/6.3.1/../../../../arm-none-eabi/lib/thumb/v7e-m\libc.a(lib_a-stdio.o)
 .ARM.attributes
                0x00000ae3       0x1c c:/program files (x86)/atmel/studio/7.0/toolchain/arm/arm-gnu-toolchain/bin/../lib/gcc/arm-none-eabi/6.3.1/../../../../arm-none-eabi/lib/thumb/v7e-m\libc.a(lib_a-strlen.o)
 .ARM.attributes
                0x00000aff       0x2e c:/program files (x86)/atmel/studio/7.0/toolchain/arm/arm-gnu-toolchain/bin/../lib/gcc/arm-none-eabi/6.3.1/../../../../arm-none-eabi/lib/thumb/v7e-m\libc.a(lib_a-strtol.o)
 .ARM.attributes
                0x00000b2d       0x2e c:/program files (x86)/atmel/studio/7.0/toolchain/arm/arm-gnu-toolchain/bin/../lib/gcc/arm-none-eabi/6.3.1/../../../../arm-none-eabi/lib/thumb/v7e-m\libc.a(lib_a-strtoll.o)
 .ARM.attributes
                0x00000b5b       0x2e c:/program files (x86)/atmel/studio/7.0/toolchain/arm/arm-gnu-toolchain/bin/../lib/gcc/arm-none-eabi/6.3.1/../../../../arm-none-eabi/lib/thumb/v7e-m\libc.a(lib_a-strtoul.o)
 .ARM.attributes
                0x00000b89       0x2e c:/program files (x86)/atmel/studio/7.0/toolchain/arm/arm-gnu-toolchain/bin/../lib/gcc/arm-none-eabi/6.3.1/../../../../arm-none-eabi/lib/thumb/v7e-m\libc.a(lib_a-strtoull.o)
 .ARM.attributes
                0x00000bb7       0x2e c:/program files (x86)/atmel/studio/7.0/toolchain/arm/arm-gnu-toolchain/bin/../lib/gcc/arm-none-eabi/6.3.1/../../../../arm-none-eabi/lib/thumb/v7e-m\libc.a(lib_a-ungetc.o)
 .ARM.attributes
                0x00000be5       0x2e c:/program files (x86)/atmel/studio/7.0/toolchain/arm/arm-gnu-toolchain/bin/../lib/gcc/arm-none-eabi/6.3.1/../../../../arm-none-eabi/lib/thumb/v7e-m\libc.a(lib_a-wbuf.o)
 .ARM.attributes
                0x00000c13       0x2e c:/program files (x86)/atmel/studio/7.0/toolchain/arm/arm-gnu-toolchain/bin/../lib/gcc/arm-none-eabi/6.3.1/../../../../arm-none-eabi/lib/thumb/v7e-m\libc.a(lib_a-wcrtomb.o)
 .ARM.attributes
                0x00000c41       0x2e c:/program files (x86)/atmel/studio/7.0/toolchain/arm/arm-gnu-toolchain/bin/../lib/gcc/arm-none-eabi/6.3.1/../../../../arm-none-eabi/lib/thumb/v7e-m\libc.a(lib_a-wctomb_r.o)
 .ARM.attributes
                0x00000c6f       0x2e c:/program files (x86)/atmel/studio/7.0/toolchain/arm/arm-gnu-toolchain/bin/../lib/gcc/arm-none-eabi/6.3.1/../../../../arm-none-eabi/lib/thumb/v7e-m\libc.a(lib_a-writer.o)
 .ARM.attributes
                0x00000c9d       0x2e c:/program files (x86)/atmel/studio/7.0/toolchain/arm/arm-gnu-toolchain/bin/../lib/gcc/arm-none-eabi/6.3.1/../../../../arm-none-eabi/lib/thumb/v7e-m\libc.a(lib_a-__atexit.o)
 .ARM.attributes
                0x00000ccb       0x2e c:/program files (x86)/atmel/studio/7.0/toolchain/arm/arm-gnu-toolchain/bin/../lib/gcc/arm-none-eabi/6.3.1/../../../../arm-none-eabi/lib/thumb/v7e-m\libc.a(lib_a-closer.o)
 .ARM.attributes
                0x00000cf9       0x2e c:/program files (x86)/atmel/studio/7.0/toolchain/arm/arm-gnu-toolchain/bin/../lib/gcc/arm-none-eabi/6.3.1/../../../../arm-none-eabi/lib/thumb/v7e-m\libc.a(lib_a-ctype_.o)
 .ARM.attributes
                0x00000d27       0x2e c:/program files (x86)/atmel/studio/7.0/toolchain/arm/arm-gnu-toolchain/bin/../lib/gcc/arm-none-eabi/6.3.1/../../../../arm-none-eabi/lib/thumb/v7e-m\libc.a(lib_a-fclose.o)
 .ARM.attributes
                0x00000d55       0x2e c:/program files (x86)/atmel/studio/7.0/toolchain/arm/arm-gnu-toolchain/bin/../lib/gcc/arm-none-eabi/6.3.1/../../../../arm-none-eabi/lib/thumb/v7e-m\libc.a(lib_a-fstatr.o)
 .ARM.attributes
                0x00000d83       0x2e c:/program files (x86)/atmel/studio/7.0/toolchain/arm/arm-gnu-toolchain/bin/../lib/gcc/arm-none-eabi/6.3.1/../../../../arm-none-eabi/lib/thumb/v7e-m\libc.a(lib_a-isattyr.o)
 .ARM.attributes
                0x00000db1       0x2e c:/program files (x86)/atmel/studio/7.0/toolchain/arm/arm-gnu-toolchain/bin/../lib/gcc/arm-none-eabi/6.3.1/../../../../arm-none-eabi/lib/thumb/v7e-m\libc.a(lib_a-lseekr.o)
 .ARM.attributes
                0x00000ddf       0x2e c:/program files (x86)/atmel/studio/7.0/toolchain/arm/arm-gnu-toolchain/bin/../lib/gcc/arm-none-eabi/6.3.1/../../../../arm-none-eabi/lib/thumb/v7e-m\libc.a(lib_a-readr.o)
 .ARM.attributes
                0x00000e0d       0x2e c:/program files (x86)/atmel/studio/7.0/toolchain/arm/arm-gnu-toolchain/bin/../lib/gcc/arm-none-eabi/6.3.1/../../../../arm-none-eabi/lib/thumb/v7e-m\libc.a(lib_a-reent.o)
 .ARM.attributes
                0x00000e3b       0x1e c:/program files (x86)/atmel/studio/7.0/toolchain/arm/arm-gnu-toolchain/bin/../lib/gcc/arm-none-eabi/6.3.1/thumb/v7e-m\libgcc.a(_aeabi_uldivmod.o)
 .ARM.attributes
                0x00000e59       0x2e c:/program files (x86)/atmel/studio/7.0/toolchain/arm/arm-gnu-toolchain/bin/../lib/gcc/arm-none-eabi/6.3.1/thumb/v7e-m\libgcc.a(_udivmoddi4.o)
 .ARM.attributes
                0x00000e87       0x1e c:/program files (x86)/atmel/studio/7.0/toolchain/arm/arm-gnu-toolchain/bin/../lib/gcc/arm-none-eabi/6.3.1/thumb/v7e-m\libgcc.a(_dvmd_tls.o)
 .ARM.attributes
                0x00000ea5       0x1e c:/program files (x86)/atmel/studio/7.0/toolchain/arm/arm-gnu-toolchain/bin/../lib/gcc/arm-none-eabi/6.3.1/thumb/v7e-m/crtn.o

.comment        0x00000000       0x59
 .comment       0x00000000       0x59 src/ASF/common/utils/stdio/read.o
                                 0x5a (size before relaxing)
 .comment       0x00000059       0x5a src/ASF/sam/drivers/pio/pio_handler.o
 .comment       0x00000059       0x5a src/ASF/sam/drivers/usart/usart.o
 .comment       0x00000059       0x5a src/ASF/common/utils/stdio/write.o
 .comment       0x00000059       0x5a src/ASF/common/services/clock/samv71/sysclk.o
 .comment       0x00000059       0x5a src/ASF/sam/drivers/mcan/mcan.o
 .comment       0x00000059       0x5a src/ASF/sam/drivers/pio/pio.o
 .comment       0x00000059       0x5a src/ASF/sam/drivers/pmc/pmc.o
 .comment       0x00000059       0x5a src/ASF/sam/drivers/tc/tc.o
 .comment       0x00000059       0x5a src/ASF/sam/drivers/uart/uart.o
 .comment       0x00000059       0x5a src/ASF/common/boards/user_board/init.o
 .comment       0x00000059       0x5a src/ASF/common/utils/interrupt/interrupt_sam_nvic.o
 .comment       0x00000059       0x5a src/ASF/sam/utils/cmsis/samv71/source/templates/gcc/startup_samv71.o
 .comment       0x00000059       0x5a src/ASF/sam/utils/cmsis/samv71/source/templates/system_samv71.o
 .comment       0x00000059       0x5a src/ASF/sam/utils/syscalls/gcc/syscalls.o
 .comment       0x00000059       0x5a src/main.o
 .comment       0x00000059       0x5a C:\Dev\PCB_Test\EMB_fremework\LibFiles\libShift_CAN_Lib.a(shift_can_testing.o)
 .comment       0x00000059       0x5a C:\Dev\PCB_Test\EMB_fremework\LibFiles\libShift_CAN_Lib.a(shift_can.o)
 .comment       0x00000059       0x5a C:\Dev\PCB_Test\EMB_fremework\LibFiles\libShift_LED_Lib.a(shift_led.o)

.debug_info     0x00000000    0x1ae98
 .debug_info    0x00000000      0xac9 src/ASF/common/utils/stdio/read.o
 .debug_info    0x00000ac9     0x1b10 src/ASF/sam/drivers/pio/pio_handler.o
 .debug_info    0x000025d9     0x23ac src/ASF/sam/drivers/usart/usart.o
 .debug_info    0x00004985      0xac6 src/ASF/common/utils/stdio/write.o
 .debug_info    0x0000544b     0x12a4 src/ASF/common/services/clock/samv71/sysclk.o
 .debug_info    0x000066ef     0x2477 src/ASF/sam/drivers/mcan/mcan.o
 .debug_info    0x00008b66     0x2174 src/ASF/sam/drivers/pio/pio.o
 .debug_info    0x0000acda     0x1f1c src/ASF/sam/drivers/pmc/pmc.o
 .debug_info    0x0000cbf6     0x1269 src/ASF/sam/drivers/tc/tc.o
 .debug_info    0x0000de5f     0x1072 src/ASF/sam/drivers/uart/uart.o
 .debug_info    0x0000eed1     0x2239 src/ASF/common/boards/user_board/init.o
 .debug_info    0x0001110a      0xaff src/ASF/common/utils/interrupt/interrupt_sam_nvic.o
 .debug_info    0x00011c09     0x15fe src/ASF/sam/utils/cmsis/samv71/source/templates/gcc/startup_samv71.o
 .debug_info    0x00013207      0x5d0 src/ASF/sam/utils/cmsis/samv71/source/templates/system_samv71.o
 .debug_info    0x000137d7      0xdb0 src/ASF/sam/utils/syscalls/gcc/syscalls.o
 .debug_info    0x00014587      0xf9c src/main.o
 .debug_info    0x00015523      0xf0c C:\Dev\PCB_Test\EMB_fremework\LibFiles\libShift_CAN_Lib.a(shift_can_testing.o)
 .debug_info    0x0001642f     0x2aee C:\Dev\PCB_Test\EMB_fremework\LibFiles\libShift_CAN_Lib.a(shift_can.o)
 .debug_info    0x00018f1d     0x1f7b C:\Dev\PCB_Test\EMB_fremework\LibFiles\libShift_LED_Lib.a(shift_led.o)

.debug_abbrev   0x00000000     0x3799
 .debug_abbrev  0x00000000      0x1fe src/ASF/common/utils/stdio/read.o
 .debug_abbrev  0x000001fe      0x34d src/ASF/sam/drivers/pio/pio_handler.o
 .debug_abbrev  0x0000054b      0x3ca src/ASF/sam/drivers/usart/usart.o
 .debug_abbrev  0x00000915      0x1e9 src/ASF/common/utils/stdio/write.o
 .debug_abbrev  0x00000afe      0x31f src/ASF/common/services/clock/samv71/sysclk.o
 .debug_abbrev  0x00000e1d      0x446 src/ASF/sam/drivers/mcan/mcan.o
 .debug_abbrev  0x00001263      0x410 src/ASF/sam/drivers/pio/pio.o
 .debug_abbrev  0x00001673      0x398 src/ASF/sam/drivers/pmc/pmc.o
 .debug_abbrev  0x00001a0b      0x2a0 src/ASF/sam/drivers/tc/tc.o
 .debug_abbrev  0x00001cab      0x27b src/ASF/sam/drivers/uart/uart.o
 .debug_abbrev  0x00001f26      0x381 src/ASF/common/boards/user_board/init.o
 .debug_abbrev  0x000022a7      0x221 src/ASF/common/utils/interrupt/interrupt_sam_nvic.o
 .debug_abbrev  0x000024c8      0x2f3 src/ASF/sam/utils/cmsis/samv71/source/templates/gcc/startup_samv71.o
 .debug_abbrev  0x000027bb      0x102 src/ASF/sam/utils/cmsis/samv71/source/templates/system_samv71.o
 .debug_abbrev  0x000028bd      0x264 src/ASF/sam/utils/syscalls/gcc/syscalls.o
 .debug_abbrev  0x00002b21      0x261 src/main.o
 .debug_abbrev  0x00002d82      0x231 C:\Dev\PCB_Test\EMB_fremework\LibFiles\libShift_CAN_Lib.a(shift_can_testing.o)
 .debug_abbrev  0x00002fb3      0x3f5 C:\Dev\PCB_Test\EMB_fremework\LibFiles\libShift_CAN_Lib.a(shift_can.o)
 .debug_abbrev  0x000033a8      0x3f1 C:\Dev\PCB_Test\EMB_fremework\LibFiles\libShift_LED_Lib.a(shift_led.o)

.debug_loc      0x00000000     0x625e
 .debug_loc     0x00000000       0xb3 src/ASF/common/utils/stdio/read.o
 .debug_loc     0x000000b3      0x55f src/ASF/sam/drivers/pio/pio_handler.o
 .debug_loc     0x00000612      0xf35 src/ASF/sam/drivers/usart/usart.o
 .debug_loc     0x00001547      0x12b src/ASF/common/utils/stdio/write.o
 .debug_loc     0x00001672      0x183 src/ASF/common/services/clock/samv71/sysclk.o
 .debug_loc     0x000017f5      0xaee src/ASF/sam/drivers/mcan/mcan.o
 .debug_loc     0x000022e3      0xeb8 src/ASF/sam/drivers/pio/pio.o
 .debug_loc     0x0000319b      0xc33 src/ASF/sam/drivers/pmc/pmc.o
 .debug_loc     0x00003dce      0x5a4 src/ASF/sam/drivers/tc/tc.o
 .debug_loc     0x00004372      0x2a3 src/ASF/sam/drivers/uart/uart.o
 .debug_loc     0x00004615      0x5c6 src/ASF/common/boards/user_board/init.o
 .debug_loc     0x00004bdb       0x77 src/ASF/sam/utils/cmsis/samv71/source/templates/gcc/startup_samv71.o
 .debug_loc     0x00004c52       0xfd src/ASF/sam/utils/syscalls/gcc/syscalls.o
 .debug_loc     0x00004d4f       0x79 src/main.o
 .debug_loc     0x00004dc8      0x298 C:\Dev\PCB_Test\EMB_fremework\LibFiles\libShift_CAN_Lib.a(shift_can_testing.o)
 .debug_loc     0x00005060      0xe39 C:\Dev\PCB_Test\EMB_fremework\LibFiles\libShift_CAN_Lib.a(shift_can.o)
 .debug_loc     0x00005e99      0x3c5 C:\Dev\PCB_Test\EMB_fremework\LibFiles\libShift_LED_Lib.a(shift_led.o)

.debug_aranges  0x00000000      0xc70
 .debug_aranges
                0x00000000       0x20 src/ASF/common/utils/stdio/read.o
 .debug_aranges
                0x00000020       0x50 src/ASF/sam/drivers/pio/pio_handler.o
 .debug_aranges
                0x00000070      0x2a8 src/ASF/sam/drivers/usart/usart.o
 .debug_aranges
                0x00000318       0x20 src/ASF/common/utils/stdio/write.o
 .debug_aranges
                0x00000338       0x40 src/ASF/common/services/clock/samv71/sysclk.o
 .debug_aranges
                0x00000378       0xd0 src/ASF/sam/drivers/mcan/mcan.o
 .debug_aranges
                0x00000448      0x1a8 src/ASF/sam/drivers/pio/pio.o
 .debug_aranges
                0x000005f0      0x270 src/ASF/sam/drivers/pmc/pmc.o
 .debug_aranges
                0x00000860       0xd0 src/ASF/sam/drivers/tc/tc.o
 .debug_aranges
                0x00000930       0xd8 src/ASF/sam/drivers/uart/uart.o
 .debug_aranges
                0x00000a08       0x30 src/ASF/common/boards/user_board/init.o
 .debug_aranges
                0x00000a38       0x28 src/ASF/common/utils/interrupt/interrupt_sam_nvic.o
 .debug_aranges
                0x00000a60       0x28 src/ASF/sam/utils/cmsis/samv71/source/templates/gcc/startup_samv71.o
 .debug_aranges
                0x00000a88       0x30 src/ASF/sam/utils/cmsis/samv71/source/templates/system_samv71.o
 .debug_aranges
                0x00000ab8       0x60 src/ASF/sam/utils/syscalls/gcc/syscalls.o
 .debug_aranges
                0x00000b18       0x28 src/main.o
 .debug_aranges
                0x00000b40       0x68 C:\Dev\PCB_Test\EMB_fremework\LibFiles\libShift_CAN_Lib.a(shift_can_testing.o)
 .debug_aranges
                0x00000ba8       0x80 C:\Dev\PCB_Test\EMB_fremework\LibFiles\libShift_CAN_Lib.a(shift_can.o)
 .debug_aranges
                0x00000c28       0x48 C:\Dev\PCB_Test\EMB_fremework\LibFiles\libShift_LED_Lib.a(shift_led.o)

.debug_ranges   0x00000000      0xcd8
 .debug_ranges  0x00000000       0x10 src/ASF/common/utils/stdio/read.o
 .debug_ranges  0x00000010       0x58 src/ASF/sam/drivers/pio/pio_handler.o
 .debug_ranges  0x00000068      0x298 src/ASF/sam/drivers/usart/usart.o
 .debug_ranges  0x00000300       0x10 src/ASF/common/utils/stdio/write.o
 .debug_ranges  0x00000310       0x30 src/ASF/common/services/clock/samv71/sysclk.o
 .debug_ranges  0x00000340      0x108 src/ASF/sam/drivers/mcan/mcan.o
 .debug_ranges  0x00000448      0x2a0 src/ASF/sam/drivers/pio/pio.o
 .debug_ranges  0x000006e8      0x260 src/ASF/sam/drivers/pmc/pmc.o
 .debug_ranges  0x00000948       0xc0 src/ASF/sam/drivers/tc/tc.o
 .debug_ranges  0x00000a08       0xc8 src/ASF/sam/drivers/uart/uart.o
 .debug_ranges  0x00000ad0       0x20 src/ASF/common/boards/user_board/init.o
 .debug_ranges  0x00000af0       0x18 src/ASF/common/utils/interrupt/interrupt_sam_nvic.o
 .debug_ranges  0x00000b08       0x18 src/ASF/sam/utils/cmsis/samv71/source/templates/gcc/startup_samv71.o
 .debug_ranges  0x00000b20       0x20 src/ASF/sam/utils/cmsis/samv71/source/templates/system_samv71.o
 .debug_ranges  0x00000b40       0x50 src/ASF/sam/utils/syscalls/gcc/syscalls.o
 .debug_ranges  0x00000b90       0x30 src/main.o
 .debug_ranges  0x00000bc0       0x58 C:\Dev\PCB_Test\EMB_fremework\LibFiles\libShift_CAN_Lib.a(shift_can_testing.o)
 .debug_ranges  0x00000c18       0x70 C:\Dev\PCB_Test\EMB_fremework\LibFiles\libShift_CAN_Lib.a(shift_can.o)
 .debug_ranges  0x00000c88       0x50 C:\Dev\PCB_Test\EMB_fremework\LibFiles\libShift_LED_Lib.a(shift_led.o)

.debug_macro    0x00000000    0x23d85
 .debug_macro   0x00000000      0x632 src/ASF/common/utils/stdio/read.o
 .debug_macro   0x00000632      0x8c8 src/ASF/common/utils/stdio/read.o
 .debug_macro   0x00000efa      0x16d src/ASF/common/utils/stdio/read.o
 .debug_macro   0x00001067      0x708 src/ASF/common/utils/stdio/read.o
 .debug_macro   0x0000176f       0x76 src/ASF/common/utils/stdio/read.o
 .debug_macro   0x000017e5       0x16 src/ASF/common/utils/stdio/read.o
 .debug_macro   0x000017fb      0x6da src/ASF/common/utils/stdio/read.o
 .debug_macro   0x00001ed5       0x22 src/ASF/common/utils/stdio/read.o
 .debug_macro   0x00001ef7       0x87 src/ASF/common/utils/stdio/read.o
 .debug_macro   0x00001f7e       0x51 src/ASF/common/utils/stdio/read.o
 .debug_macro   0x00001fcf       0xef src/ASF/common/utils/stdio/read.o
 .debug_macro   0x000020be       0x6a src/ASF/common/utils/stdio/read.o
 .debug_macro   0x00002128      0x1df src/ASF/common/utils/stdio/read.o
 .debug_macro   0x00002307       0x51 src/ASF/common/utils/stdio/read.o
 .debug_macro   0x00002358       0x1c src/ASF/common/utils/stdio/read.o
 .debug_macro   0x00002374       0x22 src/ASF/common/utils/stdio/read.o
 .debug_macro   0x00002396       0xdf src/ASF/common/utils/stdio/read.o
 .debug_macro   0x00002475     0x12cd src/ASF/common/utils/stdio/read.o
 .debug_macro   0x00003742      0x11f src/ASF/common/utils/stdio/read.o
 .debug_macro   0x00003861       0x19 src/ASF/common/utils/stdio/read.o
 .debug_macro   0x0000387a      0x191 src/ASF/common/utils/stdio/read.o
 .debug_macro   0x00003a0b      0x2ee src/ASF/common/utils/stdio/read.o
 .debug_macro   0x00003cf9      0xa23 src/ASF/common/utils/stdio/read.o
 .debug_macro   0x0000471c      0x1b4 src/ASF/common/utils/stdio/read.o
 .debug_macro   0x000048d0      0x35f src/ASF/common/utils/stdio/read.o
 .debug_macro   0x00004c2f      0x15a src/ASF/common/utils/stdio/read.o
 .debug_macro   0x00004d89     0x18f9 src/ASF/common/utils/stdio/read.o
 .debug_macro   0x00006682       0x1c src/ASF/common/utils/stdio/read.o
 .debug_macro   0x0000669e      0x6a2 src/ASF/common/utils/stdio/read.o
 .debug_macro   0x00006d40      0x263 src/ASF/common/utils/stdio/read.o
 .debug_macro   0x00006fa3      0x315 src/ASF/common/utils/stdio/read.o
 .debug_macro   0x000072b8      0x4f0 src/ASF/common/utils/stdio/read.o
 .debug_macro   0x000077a8      0x2c4 src/ASF/common/utils/stdio/read.o
 .debug_macro   0x00007a6c     0x1527 src/ASF/common/utils/stdio/read.o
 .debug_macro   0x00008f93      0x285 src/ASF/common/utils/stdio/read.o
 .debug_macro   0x00009218     0x2a40 src/ASF/common/utils/stdio/read.o
 .debug_macro   0x0000bc58     0x113e src/ASF/common/utils/stdio/read.o
 .debug_macro   0x0000cd96      0xcdb src/ASF/common/utils/stdio/read.o
 .debug_macro   0x0000da71      0x3c6 src/ASF/common/utils/stdio/read.o
 .debug_macro   0x0000de37       0xa0 src/ASF/common/utils/stdio/read.o
 .debug_macro   0x0000ded7       0x76 src/ASF/common/utils/stdio/read.o
 .debug_macro   0x0000df4d      0x41e src/ASF/common/utils/stdio/read.o
 .debug_macro   0x0000e36b       0x64 src/ASF/common/utils/stdio/read.o
 .debug_macro   0x0000e3cf      0x264 src/ASF/common/utils/stdio/read.o
 .debug_macro   0x0000e633      0x539 src/ASF/common/utils/stdio/read.o
 .debug_macro   0x0000eb6c      0x650 src/ASF/common/utils/stdio/read.o
 .debug_macro   0x0000f1bc      0x6cc src/ASF/common/utils/stdio/read.o
 .debug_macro   0x0000f888       0x64 src/ASF/common/utils/stdio/read.o
 .debug_macro   0x0000f8ec      0x4c4 src/ASF/common/utils/stdio/read.o
 .debug_macro   0x0000fdb0      0x237 src/ASF/common/utils/stdio/read.o
 .debug_macro   0x0000ffe7      0xa06 src/ASF/common/utils/stdio/read.o
 .debug_macro   0x000109ed     0x14f3 src/ASF/common/utils/stdio/read.o
 .debug_macro   0x00011ee0       0x40 src/ASF/common/utils/stdio/read.o
 .debug_macro   0x00011f20       0x76 src/ASF/common/utils/stdio/read.o
 .debug_macro   0x00011f96      0xdd1 src/ASF/common/utils/stdio/read.o
 .debug_macro   0x00012d67       0x88 src/ASF/common/utils/stdio/read.o
 .debug_macro   0x00012def       0x7c src/ASF/common/utils/stdio/read.o
 .debug_macro   0x00012e6b       0x52 src/ASF/common/utils/stdio/read.o
 .debug_macro   0x00012ebd      0x133 src/ASF/common/utils/stdio/read.o
 .debug_macro   0x00012ff0       0x76 src/ASF/common/utils/stdio/read.o
 .debug_macro   0x00013066       0x76 src/ASF/common/utils/stdio/read.o
 .debug_macro   0x000130dc      0x2fe src/ASF/common/utils/stdio/read.o
 .debug_macro   0x000133da       0xca src/ASF/common/utils/stdio/read.o
 .debug_macro   0x000134a4       0xca src/ASF/common/utils/stdio/read.o
 .debug_macro   0x0001356e       0xca src/ASF/common/utils/stdio/read.o
 .debug_macro   0x00013638      0x13b src/ASF/common/utils/stdio/read.o
 .debug_macro   0x00013773      0x13b src/ASF/common/utils/stdio/read.o
 .debug_macro   0x000138ae      0x2cd src/ASF/common/utils/stdio/read.o
 .debug_macro   0x00013b7b       0xbe src/ASF/common/utils/stdio/read.o
 .debug_macro   0x00013c39       0x64 src/ASF/common/utils/stdio/read.o
 .debug_macro   0x00013c9d       0x46 src/ASF/common/utils/stdio/read.o
 .debug_macro   0x00013ce3       0x4c src/ASF/common/utils/stdio/read.o
 .debug_macro   0x00013d2f       0xa6 src/ASF/common/utils/stdio/read.o
 .debug_macro   0x00013dd5      0x4b7 src/ASF/common/utils/stdio/read.o
 .debug_macro   0x0001428c      0x133 src/ASF/common/utils/stdio/read.o
 .debug_macro   0x000143bf      0x2fe src/ASF/common/utils/stdio/read.o
 .debug_macro   0x000146bd       0x76 src/ASF/common/utils/stdio/read.o
 .debug_macro   0x00014733       0xbe src/ASF/common/utils/stdio/read.o
 .debug_macro   0x000147f1       0x76 src/ASF/common/utils/stdio/read.o
 .debug_macro   0x00014867       0x70 src/ASF/common/utils/stdio/read.o
 .debug_macro   0x000148d7       0x34 src/ASF/common/utils/stdio/read.o
 .debug_macro   0x0001490b      0x9b8 src/ASF/common/utils/stdio/read.o
 .debug_macro   0x000152c3       0x70 src/ASF/common/utils/stdio/read.o
 .debug_macro   0x00015333       0xb8 src/ASF/common/utils/stdio/read.o
 .debug_macro   0x000153eb       0x4c src/ASF/common/utils/stdio/read.o
 .debug_macro   0x00015437       0x16 src/ASF/common/utils/stdio/read.o
 .debug_macro   0x0001544d       0xfa src/ASF/common/utils/stdio/read.o
 .debug_macro   0x00015547       0x52 src/ASF/common/utils/stdio/read.o
 .debug_macro   0x00015599       0x16 src/ASF/common/utils/stdio/read.o
 .debug_macro   0x000155af       0x52 src/ASF/common/utils/stdio/read.o
 .debug_macro   0x00015601       0x2e src/ASF/common/utils/stdio/read.o
 .debug_macro   0x0001562f      0x1b3 src/ASF/common/utils/stdio/read.o
 .debug_macro   0x000157e2      0x1b3 src/ASF/common/utils/stdio/read.o
 .debug_macro   0x00015995      0x1b3 src/ASF/common/utils/stdio/read.o
 .debug_macro   0x00015b48       0x1c src/ASF/common/utils/stdio/read.o
 .debug_macro   0x00015b64       0x34 src/ASF/common/utils/stdio/read.o
 .debug_macro   0x00015b98       0x22 src/ASF/common/utils/stdio/read.o
 .debug_macro   0x00015bba       0x1c src/ASF/common/utils/stdio/read.o
 .debug_macro   0x00015bd6       0x58 src/ASF/common/utils/stdio/read.o
 .debug_macro   0x00015c2e       0x10 src/ASF/common/utils/stdio/read.o
 .debug_macro   0x00015c3e       0x1c src/ASF/common/utils/stdio/read.o
 .debug_macro   0x00015c5a       0x52 src/ASF/common/utils/stdio/read.o
 .debug_macro   0x00015cac       0x52 src/ASF/common/utils/stdio/read.o
 .debug_macro   0x00015cfe       0x52 src/ASF/common/utils/stdio/read.o
 .debug_macro   0x00015d50      0x2b9 src/ASF/common/utils/stdio/read.o
 .debug_macro   0x00016009      0xb65 src/ASF/common/utils/stdio/read.o
 .debug_macro   0x00016b6e       0xe4 src/ASF/common/utils/stdio/read.o
 .debug_macro   0x00016c52       0x58 src/ASF/common/utils/stdio/read.o
 .debug_macro   0x00016caa       0x35 src/ASF/common/utils/stdio/read.o
 .debug_macro   0x00016cdf       0x9c src/ASF/common/utils/stdio/read.o
 .debug_macro   0x00016d7b       0x16 src/ASF/common/utils/stdio/read.o
 .debug_macro   0x00016d91       0x35 src/ASF/common/utils/stdio/read.o
 .debug_macro   0x00016dc6      0x34d src/ASF/common/utils/stdio/read.o
 .debug_macro   0x00017113       0x10 src/ASF/common/utils/stdio/read.o
 .debug_macro   0x00017123       0x58 src/ASF/common/utils/stdio/read.o
 .debug_macro   0x0001717b       0x1f src/ASF/common/utils/stdio/read.o
 .debug_macro   0x0001719a       0x43 src/ASF/common/utils/stdio/read.o
 .debug_macro   0x000171dd       0x20 src/ASF/common/utils/stdio/read.o
 .debug_macro   0x000171fd      0x187 src/ASF/common/utils/stdio/read.o
 .debug_macro   0x00017384       0x10 src/ASF/common/utils/stdio/read.o
 .debug_macro   0x00017394       0x1c src/ASF/common/utils/stdio/read.o
 .debug_macro   0x000173b0       0x52 src/ASF/common/utils/stdio/read.o
 .debug_macro   0x00017402       0x40 src/ASF/common/utils/stdio/read.o
 .debug_macro   0x00017442       0x10 src/ASF/common/utils/stdio/read.o
 .debug_macro   0x00017452       0x40 src/ASF/common/utils/stdio/read.o
 .debug_macro   0x00017492       0xd7 src/ASF/common/utils/stdio/read.o